Component: ARM Compiler 5.06 update 6 (build 750) Tool: armlink [4d35ed]

==============================================================================

Section Cross References

    startup_stm32f411xe.o(RESET) refers to startup_stm32f411xe.o(STACK) for __initial_sp
    startup_stm32f411xe.o(RESET) refers to startup_stm32f411xe.o(.text) for Reset_Handler
    startup_stm32f411xe.o(RESET) refers to stm32f4xx_it.o(i.NMI_Handler) for NMI_Handler
    startup_stm32f411xe.o(RESET) refers to stm32f4xx_it.o(i.HardFault_Handler) for HardFault_Handler
    startup_stm32f411xe.o(RESET) refers to stm32f4xx_it.o(i.MemManage_Handler) for MemManage_Handler
    startup_stm32f411xe.o(RESET) refers to stm32f4xx_it.o(i.BusFault_Handler) for BusFault_Handler
    startup_stm32f411xe.o(RESET) refers to stm32f4xx_it.o(i.UsageFault_Handler) for UsageFault_Handler
    startup_stm32f411xe.o(RESET) refers to port.o(.emb_text) for SVC_Handler
    startup_stm32f411xe.o(RESET) refers to stm32f4xx_it.o(i.DebugMon_Handler) for DebugMon_Handler
    startup_stm32f411xe.o(RESET) refers to port.o(i.SysTick_Handler) for SysTick_Handler
    startup_stm32f411xe.o(RESET) refers to stm32f4xx_it.o(i.TIM1_UP_TIM10_IRQHandler) for TIM1_UP_TIM10_IRQHandler
    startup_stm32f411xe.o(.text) refers to system_stm32f4xx.o(i.SystemInit) for SystemInit
    startup_stm32f411xe.o(.text) refers to entry.o(.ARM.Collect$$$$00000000) for __main
    rc522.o(i.FindCards) refers to rc522.o(i.MFRC522_WriteRegister) for MFRC522_WriteRegister
    rc522.o(i.FindCards) refers to rc522.o(i.MFRC522_ClearBitMask) for MFRC522_ClearBitMask
    rc522.o(i.FindCards) refers to rc522.o(i.MFRC522_SetBitMask) for MFRC522_SetBitMask
    rc522.o(i.FindCards) refers to rc522.o(i.MFRC522_ReadRegister) for MFRC522_ReadRegister
    rc522.o(i.MFRC522_AntennaOff) refers to rc522.o(i.MFRC522_ClearBitMask) for MFRC522_ClearBitMask
    rc522.o(i.MFRC522_AntennaOn) refers to rc522.o(i.MFRC522_ReadRegister) for MFRC522_ReadRegister
    rc522.o(i.MFRC522_AntennaOn) refers to rc522.o(i.MFRC522_SetBitMask) for MFRC522_SetBitMask
    rc522.o(i.MFRC522_Anticoll) refers to rc522.o(i.MFRC522_WriteRegister) for MFRC522_WriteRegister
    rc522.o(i.MFRC522_Anticoll) refers to rc522.o(i.MFRC522_ToCard) for MFRC522_ToCard
    rc522.o(i.MFRC522_Auth) refers to rc522.o(i.MFRC522_ToCard) for MFRC522_ToCard
    rc522.o(i.MFRC522_Auth) refers to rc522.o(i.MFRC522_ReadRegister) for MFRC522_ReadRegister
    rc522.o(i.MFRC522_CalculateCRC) refers to rc522.o(i.MFRC522_ClearBitMask) for MFRC522_ClearBitMask
    rc522.o(i.MFRC522_CalculateCRC) refers to rc522.o(i.MFRC522_SetBitMask) for MFRC522_SetBitMask
    rc522.o(i.MFRC522_CalculateCRC) refers to rc522.o(i.MFRC522_WriteRegister) for MFRC522_WriteRegister
    rc522.o(i.MFRC522_CalculateCRC) refers to rc522.o(i.MFRC522_ReadRegister) for MFRC522_ReadRegister
    rc522.o(i.MFRC522_Check) refers to rc522.o(i.MFRC522_Request) for MFRC522_Request
    rc522.o(i.MFRC522_Check) refers to rc522.o(i.MFRC522_Anticoll) for MFRC522_Anticoll
    rc522.o(i.MFRC522_Check) refers to rc522.o(i.MFRC522_Halt) for MFRC522_Halt
    rc522.o(i.MFRC522_ClearBitMask) refers to rc522.o(i.MFRC522_ReadRegister) for MFRC522_ReadRegister
    rc522.o(i.MFRC522_ClearBitMask) refers to rc522.o(i.MFRC522_WriteRegister) for MFRC522_WriteRegister
    rc522.o(i.MFRC522_Halt) refers to rc522.o(i.MFRC522_CalculateCRC) for MFRC522_CalculateCRC
    rc522.o(i.MFRC522_Halt) refers to rc522.o(i.MFRC522_WriteRegister) for MFRC522_WriteRegister
    rc522.o(i.MFRC522_Halt) refers to rc522.o(i.MFRC522_ClearBitMask) for MFRC522_ClearBitMask
    rc522.o(i.MFRC522_Halt) refers to rc522.o(i.MFRC522_SetBitMask) for MFRC522_SetBitMask
    rc522.o(i.MFRC522_Init) refers to rc522.o(i.PORTRC522_Init) for PORTRC522_Init
    rc522.o(i.MFRC522_Init) refers to rc522.o(i.MFRC522_Reset) for MFRC522_Reset
    rc522.o(i.MFRC522_Init) refers to rc522.o(i.MFRC522_WriteRegister) for MFRC522_WriteRegister
    rc522.o(i.MFRC522_Init) refers to rc522.o(i.MFRC522_AntennaOn) for MFRC522_AntennaOn
    rc522.o(i.MFRC522_Read) refers to rc522.o(i.MFRC522_CalculateCRC) for MFRC522_CalculateCRC
    rc522.o(i.MFRC522_Read) refers to rc522.o(i.MFRC522_ToCard) for MFRC522_ToCard
    rc522.o(i.MFRC522_ReadRegister) refers to rc522.o(i.SPI1_ReadReg) for SPI1_ReadReg
    rc522.o(i.MFRC522_Request) refers to rc522.o(i.MFRC522_WriteRegister) for MFRC522_WriteRegister
    rc522.o(i.MFRC522_Request) refers to rc522.o(i.FindCards) for FindCards
    rc522.o(i.MFRC522_Reset) refers to rc522.o(i.MFRC522_WriteRegister) for MFRC522_WriteRegister
    rc522.o(i.MFRC522_SelectTag) refers to rc522.o(i.MFRC522_CalculateCRC) for MFRC522_CalculateCRC
    rc522.o(i.MFRC522_SelectTag) refers to rc522.o(i.MFRC522_ToCard) for MFRC522_ToCard
    rc522.o(i.MFRC522_SetBitMask) refers to rc522.o(i.MFRC522_ReadRegister) for MFRC522_ReadRegister
    rc522.o(i.MFRC522_SetBitMask) refers to rc522.o(i.MFRC522_WriteRegister) for MFRC522_WriteRegister
[...]
    Removing stm32f4xx_hal_gpio.o(i.HAL_GPIO_LockPin), (34 bytes).
    Removing stm32f4xx_hal_gpio.o(i.HAL_GPIO_ReadPin), (10 bytes).
    Removing stm32f4xx_hal_gpio.o(i.HAL_GPIO_TogglePin), (14 bytes).
    Removing stm32f4xx_hal_dma_ex.o(.rev16_text), (4 bytes).
    Removing stm32f4xx_hal_dma_ex.o(.revsh_text), (4 bytes).
    Removing stm32f4xx_hal_dma_ex.o(.rrx_text), (6 bytes).
    Removing stm32f4xx_hal_dma_ex.o(i.DMA_MultiBufferSetConfig), (30 bytes).
    Removing stm32f4xx_hal_dma_ex.o(i.HAL_DMAEx_ChangeMemory), (14 bytes).
    Removing stm32f4xx_hal_dma_ex.o(i.HAL_DMAEx_MultiBufferStart), (100 bytes).
    Removing stm32f4xx_hal_dma_ex.o(i.HAL_DMAEx_MultiBufferStart_IT), (2432 bytes).
    Removing stm32f4xx_hal_dma.o(.rev16_text), (4 bytes).
    Removing stm32f4xx_hal_dma.o(.revsh_text), (4 bytes).
    Removing stm32f4xx_hal_dma.o(.rrx_text), (6 bytes).
    Removing stm32f4xx_hal_dma.o(i.DMA_CalcBaseAndBitshift), (40 bytes).
    Removing stm32f4xx_hal_dma.o(i.DMA_CheckFifoParam), (84 bytes).
    Removing stm32f4xx_hal_dma.o(i.DMA_SetConfig), (40 bytes).
    Removing stm32f4xx_hal_dma.o(i.HAL_DMA_Abort), (142 bytes).
    Removing stm32f4xx_hal_dma.o(i.HAL_DMA_Abort_IT), (36 bytes).
    Removing stm32f4xx_hal_dma.o(i.HAL_DMA_DeInit), (98 bytes).
    Removing stm32f4xx_hal_dma.o(i.HAL_DMA_GetError), (4 bytes).
    Removing stm32f4xx_hal_dma.o(i.HAL_DMA_GetState), (6 bytes).
    Removing stm32f4xx_hal_dma.o(i.HAL_DMA_IRQHandler), (416 bytes).
    Removing stm32f4xx_hal_dma.o(i.HAL_DMA_Init), (212 bytes).
    Removing stm32f4xx_hal_dma.o(i.HAL_DMA_PollForTransfer), (292 bytes).
    Removing stm32f4xx_hal_dma.o(i.HAL_DMA_RegisterCallback), (80 bytes).
    Removing stm32f4xx_hal_dma.o(i.HAL_DMA_Start), (70 bytes).
    Removing stm32f4xx_hal_dma.o(i.HAL_DMA_Start_IT), (110 bytes).
    Removing stm32f4xx_hal_dma.o(i.HAL_DMA_UnRegisterCallback), (96 bytes).
    Removing stm32f4xx_hal_dma.o(.constdata), (8 bytes).
    Removing stm32f4xx_hal_pwr.o(.rev16_text), (4 bytes).
    Removing stm32f4xx_hal_pwr.o(.revsh_text), (4 bytes).
    Removing stm32f4xx_hal_pwr.o(.rrx_text), (6 bytes).
    Removing stm32f4xx_hal_pwr.o(i.HAL_PWR_ConfigPVD), (124 bytes).
    Removing stm32f4xx_hal_pwr.o(i.HAL_PWR_DeInit), (24 bytes).
    Removing stm32f4xx_hal_pwr.o(i.HAL_PWR_DisableBkUpAccess), (12 bytes).
    Removing stm32f4xx_hal_pwr.o(i.HAL_PWR_DisablePVD), (12 bytes).
    Removing stm32f4xx_hal_pwr.o(i.HAL_PWR_DisableSEVOnPend), (16 bytes).
    Removing stm32f4xx_hal_pwr.o(i.HAL_PWR_DisableSleepOnExit), (16 bytes).
    Removing stm32f4xx_hal_pwr.o(i.HAL_PWR_DisableWakeUpPin), (16 bytes).
    Removing stm32f4xx_hal_pwr.o(i.HAL_PWR_EnableBkUpAccess), (12 bytes).
    Removing stm32f4xx_hal_pwr.o(i.HAL_PWR_EnablePVD), (12 bytes).
    Removing stm32f4xx_hal_pwr.o(i.HAL_PWR_EnableSEVOnPend), (16 bytes).
    Removing stm32f4xx_hal_pwr.o(i.HAL_PWR_EnableSleepOnExit), (16 bytes).
    Removing stm32f4xx_hal_pwr.o(i.HAL_PWR_EnableWakeUpPin), (16 bytes).
    Removing stm32f4xx_hal_pwr.o(i.HAL_PWR_EnterSLEEPMode), (32 bytes).
    Removing stm32f4xx_hal_pwr.o(i.HAL_PWR_EnterSTANDBYMode), (32 bytes).
    Removing stm32f4xx_hal_pwr.o(i.HAL_PWR_EnterSTOPMode), (56 bytes).
    Removing stm32f4xx_hal_pwr.o(i.HAL_PWR_PVDCallback), (2 bytes).
    Removing stm32f4xx_hal_pwr.o(i.HAL_PWR_PVD_IRQHandler), (28 bytes).
    Removing stm32f4xx_hal_pwr_ex.o(.rev16_text), (4 bytes).
    Removing stm32f4xx_hal_pwr_ex.o(.revsh_text), (4 bytes).
    Removing stm32f4xx_hal_pwr_ex.o(.rrx_text), (6 bytes).
    Removing stm32f4xx_hal_pwr_ex.o(i.HAL_PWREx_ControlVoltageScaling), (176 bytes).
    Removing stm32f4xx_hal_pwr_ex.o(i.HAL_PWREx_DisableBkUpReg), (60 bytes).
    Removing stm32f4xx_hal_pwr_ex.o(i.HAL_PWREx_DisableFlashPowerDown), (12 bytes).
    Removing stm32f4xx_hal_pwr_ex.o(i.HAL_PWREx_DisableLowRegulatorLowVoltage), (12 bytes).
    Removing stm32f4xx_hal_pwr_ex.o(i.HAL_PWREx_DisableMainRegulatorLowVoltage), (12 bytes).
    Removing stm32f4xx_hal_pwr_ex.o(i.HAL_PWREx_EnableBkUpReg), (60 bytes).
    Removing stm32f4xx_hal_pwr_ex.o(i.HAL_PWREx_EnableFlashPowerDown), (12 bytes).
    Removing stm32f4xx_hal_pwr_ex.o(i.HAL_PWREx_EnableLowRegulatorLowVoltage), (12 bytes).
    Removing stm32f4xx_hal_pwr_ex.o(i.HAL_PWREx_EnableMainRegulatorLowVoltage), (12 bytes).
    Removing stm32f4xx_hal_pwr_ex.o(i.HAL_PWREx_GetVoltageRange), (16 bytes).
    Removing stm32f4xx_hal_cortex.o(.rev16_text), (4 bytes).
    Removing stm32f4xx_hal_cortex.o(.revsh_text), (4 bytes).
    Removing stm32f4xx_hal_cortex.o(.rrx_text), (6 bytes).
    Removing stm32f4xx_hal_cortex.o(i.HAL_MPU_ConfigRegion), (84 bytes).
    Removing stm32f4xx_hal_cortex.o(i.HAL_MPU_Disable), (28 bytes).
    Removing stm32f4xx_hal_cortex.o(i.HAL_MPU_Enable), (36 bytes).
    Removing stm32f4xx_hal_cortex.o(i.HAL_NVIC_ClearPendingIRQ), (26 bytes).
    Removing stm32f4xx_hal_cortex.o(i.HAL_NVIC_DisableIRQ), (34 bytes).
    Removing stm32f4xx_hal_cortex.o(i.HAL_NVIC_GetActive), (36 bytes).
    Removing stm32f4xx_hal_cortex.o(i.HAL_NVIC_GetPendingIRQ), (36 bytes).
    Removing stm32f4xx_hal_cortex.o(i.HAL_NVIC_GetPriority), (82 bytes).
    Removing stm32f4xx_hal_cortex.o(i.HAL_NVIC_GetPriorityGrouping), (16 bytes).
    Removing stm32f4xx_hal_cortex.o(i.HAL_NVIC_SetPendingIRQ), (26 bytes).
    Removing stm32f4xx_hal_cortex.o(i.HAL_NVIC_SystemReset), (36 bytes).
    Removing stm32f4xx_hal_cortex.o(i.HAL_SYSTICK_CLKSourceConfig), (24 bytes).
    Removing stm32f4xx_hal_cortex.o(i.HAL_SYSTICK_Callback), (2 bytes).
    Removing stm32f4xx_hal_cortex.o(i.HAL_SYSTICK_Config), (40 bytes).
    Removing stm32f4xx_hal_cortex.o(i.HAL_SYSTICK_IRQHandler), (8 bytes).
    Removing stm32f4xx_hal.o(.rev16_text), (4 bytes).
    Removing stm32f4xx_hal.o(.revsh_text), (4 bytes).
    Removing stm32f4xx_hal.o(.rrx_text), (6 bytes).
    Removing stm32f4xx_hal.o(i.HAL_DBGMCU_DisableDBGSleepMode), (16 bytes).
    Removing stm32f4xx_hal.o(i.HAL_DBGMCU_DisableDBGStandbyMode), (16 bytes).
    Removing stm32f4xx_hal.o(i.HAL_DBGMCU_DisableDBGStopMode), (16 bytes).
    Removing stm32f4xx_hal.o(i.HAL_DBGMCU_EnableDBGSleepMode), (16 bytes).
    Removing stm32f4xx_hal.o(i.HAL_DBGMCU_EnableDBGStandbyMode), (16 bytes).
    Removing stm32f4xx_hal.o(i.HAL_DBGMCU_EnableDBGStopMode), (16 bytes).
    Removing stm32f4xx_hal.o(i.HAL_DeInit), (52 bytes).
    Removing stm32f4xx_hal.o(i.HAL_Delay), (36 bytes).
    Removing stm32f4xx_hal.o(i.HAL_DisableCompensationCell), (12 bytes).
    Removing stm32f4xx_hal.o(i.HAL_EnableCompensationCell), (12 bytes).
    Removing stm32f4xx_hal.o(i.HAL_GetDEVID), (16 bytes).
    Removing stm32f4xx_hal.o(i.HAL_GetHalVersion), (8 bytes).
    Removing stm32f4xx_hal.o(i.HAL_GetREVID), (12 bytes).
    Removing stm32f4xx_hal.o(i.HAL_GetTickFreq), (12 bytes).
    Removing stm32f4xx_hal.o(i.HAL_GetTickPrio), (12 bytes).
    Removing stm32f4xx_hal.o(i.HAL_GetUIDw0), (12 bytes).
    Removing stm32f4xx_hal.o(i.HAL_GetUIDw1), (12 bytes).
    Removing stm32f4xx_hal.o(i.HAL_GetUIDw2), (12 bytes).
    Removing stm32f4xx_hal.o(i.HAL_InitTick), (64 bytes).
    Removing stm32f4xx_hal.o(i.HAL_MspDeInit), (2 bytes).
    Removing stm32f4xx_hal.o(i.HAL_MspInit), (2 bytes).
    Removing stm32f4xx_hal.o(i.HAL_ResumeTick), (14 bytes).
    Removing stm32f4xx_hal.o(i.HAL_SetTickFreq), (36 bytes).
    Removing stm32f4xx_hal.o(i.HAL_SuspendTick), (14 bytes).
    Removing stm32f4xx_hal_exti.o(.rev16_text), (4 bytes).
    Removing stm32f4xx_hal_exti.o(.revsh_text), (4 bytes).
    Removing stm32f4xx_hal_exti.o(.rrx_text), (6 bytes).
    Removing stm32f4xx_hal_exti.o(i.HAL_EXTI_ClearConfigLine), (108 bytes).
    Removing stm32f4xx_hal_exti.o(i.HAL_EXTI_ClearPending), (20 bytes).
    Removing stm32f4xx_hal_exti.o(i.HAL_EXTI_GenerateSWI), (20 bytes).
    Removing stm32f4xx_hal_exti.o(i.HAL_EXTI_GetConfigLine), (156 bytes).
    Removing stm32f4xx_hal_exti.o(i.HAL_EXTI_GetHandle), (12 bytes).
    Removing stm32f4xx_hal_exti.o(i.HAL_EXTI_GetPending), (24 bytes).
    Removing stm32f4xx_hal_exti.o(i.HAL_EXTI_IRQHandler), (36 bytes).
    Removing stm32f4xx_hal_exti.o(i.HAL_EXTI_RegisterCallback), (14 bytes).
    Removing stm32f4xx_hal_exti.o(i.HAL_EXTI_SetConfigLine), (168 bytes).
    Removing system_stm32f4xx.o(.rev16_text), (4 bytes).
    Removing system_stm32f4xx.o(.revsh_text), (4 bytes).
    Removing system_stm32f4xx.o(.rrx_text), (6 bytes).
    Removing system_stm32f4xx.o(i.SystemCoreClockUpdate), (120 bytes).
    Removing event_groups.o(i.prvTestWaitCondition), (20 bytes).
    Removing event_groups.o(i.vEventGroupClearBitsCallback), (4 bytes).
    Removing event_groups.o(i.vEventGroupDelete), (74 bytes).
    Removing event_groups.o(i.vEventGroupSetBitsCallback), (4 bytes).
    Removing event_groups.o(i.xEventGroupClearBits), (64 bytes).
    Removing event_groups.o(i.xEventGroupCreate), (28 bytes).
    Removing event_groups.o(i.xEventGroupCreateStatic), (44 bytes).
    Removing event_groups.o(i.xEventGroupGetBitsFromISR), (26 bytes).
    Removing event_groups.o(i.xEventGroupSetBits), (140 bytes).
    Removing event_groups.o(i.xEventGroupSync), (204 bytes).
    Removing event_groups.o(i.xEventGroupWaitBits), (264 bytes).
    Removing queue.o(i.pcQueueGetName), (40 bytes).
    Removing queue.o(i.prvCopyDataFromQueue), (38 bytes).
    Removing queue.o(i.prvCopyDataToQueue), (108 bytes).
    Removing queue.o(i.prvInitialiseMutex), (22 bytes).
    Removing queue.o(i.prvInitialiseNewQueue), (22 bytes).
    Removing queue.o(i.prvIsQueueEmpty), (28 bytes).
    Removing queue.o(i.prvUnlockQueue), (106 bytes).
    Removing queue.o(i.uxQueueMessagesWaiting), (36 bytes).
    Removing queue.o(i.uxQueueMessagesWaitingFromISR), (22 bytes).
    Removing queue.o(i.uxQueueSpacesAvailable), (40 bytes).
    Removing queue.o(i.vQueueAddToRegistry), (40 bytes).
    Removing queue.o(i.vQueueDelete), (46 bytes).
    Removing queue.o(i.vQueueUnregisterQueue), (40 bytes).
    Removing queue.o(i.xQueueCreateMutex), (22 bytes).
    Removing queue.o(i.xQueueCreateMutexStatic), (26 bytes).
    Removing queue.o(i.xQueueGenericCreate), (72 bytes).
    Removing queue.o(i.xQueueGenericCreateStatic), (102 bytes).
    Removing queue.o(i.xQueueGenericReset), (136 bytes).
    Removing queue.o(i.xQueueGenericSend), (352 bytes).
    Removing queue.o(i.xQueueGenericSendFromISR), (188 bytes).
    Removing queue.o(i.xQueueGiveFromISR), (156 bytes).
    Removing queue.o(i.xQueueIsQueueEmptyFromISR), (30 bytes).
    Removing queue.o(i.xQueueIsQueueFullFromISR), (34 bytes).
    Removing queue.o(i.xQueuePeek), (308 bytes).
    Removing queue.o(i.xQueuePeekFromISR), (116 bytes).
    Removing queue.o(i.xQueueReceive), (312 bytes).
    Removing queue.o(i.xQueueReceiveFromISR), (154 bytes).
    Removing queue.o(i.xQueueSemaphoreTake), (376 bytes).
    Removing queue.o(.bss), (64 bytes).
    Removing stream_buffer.o(i.prvBytesInBuffer), (18 bytes).
    Removing stream_buffer.o(i.prvInitialiseNewStreamBuffer), (76 bytes).
    Removing stream_buffer.o(i.prvReadBytesFromBuffer), (140 bytes).
    Removing stream_buffer.o(i.prvReadMessageFromBuffer), (66 bytes).
    Removing stream_buffer.o(i.prvWriteBytesToBuffer), (130 bytes).
    Removing stream_buffer.o(i.prvWriteMessageToBuffer), (60 bytes).
    Removing stream_buffer.o(i.vStreamBufferDelete), (34 bytes).
    Removing stream_buffer.o(i.xStreamBufferBytesAvailable), (22 bytes).
    Removing stream_buffer.o(i.xStreamBufferGenericCreate), (82 bytes).
    Removing stream_buffer.o(i.xStreamBufferGenericCreateStatic), (114 bytes).
    Removing stream_buffer.o(i.xStreamBufferIsEmpty), (34 bytes).
    Removing stream_buffer.o(i.xStreamBufferIsFull), (48 bytes).
    Removing stream_buffer.o(i.xStreamBufferReceive), (212 bytes).
    Removing stream_buffer.o(i.xStreamBufferReceiveCompletedFromISR), (70 bytes).
    Removing stream_buffer.o(i.xStreamBufferReceiveFromISR), (144 bytes).
    Removing stream_buffer.o(i.xStreamBufferReset), (58 bytes).
    Removing stream_buffer.o(i.xStreamBufferSend), (236 bytes).
    Removing stream_buffer.o(i.xStreamBufferSendCompletedFromISR), (70 bytes).
    Removing stream_buffer.o(i.xStreamBufferSendFromISR), (142 bytes).
    Removing stream_buffer.o(i.xStreamBufferSetTriggerLevel), (40 bytes).
    Removing stream_buffer.o(i.xStreamBufferSpacesAvailable), (38 bytes).
    Removing tasks.o(i.pcTaskGetName), (32 bytes).
    Removing tasks.o(i.pvTaskIncrementMutexHeldCount), (24 bytes).
    Removing tasks.o(i.ulTaskNotifyTake), (104 bytes).
    Removing tasks.o(i.uxTaskGetNumberOfTasks), (12 bytes).
    Removing tasks.o(i.uxTaskPriorityGet), (28 bytes).
    Removing tasks.o(i.uxTaskPriorityGetFromISR), (44 bytes).
    Removing tasks.o(i.uxTaskResetEventItemValue), (24 bytes).
    Removing tasks.o(i.vTaskDelete), (172 bytes).
    Removing tasks.o(i.vTaskEndScheduler), (28 bytes).
    Removing tasks.o(i.vTaskInternalSetTimeOutState), (16 bytes).
    Removing tasks.o(i.vTaskMissedYield), (12 bytes).
    Removing tasks.o(i.vTaskNotifyGiveFromISR), (184 bytes).
    Removing tasks.o(i.vTaskPlaceOnEventList), (48 bytes).
    Removing tasks.o(i.vTaskPlaceOnUnorderedEventList), (80 bytes).
    Removing tasks.o(i.vTaskPriorityDisinheritAfterTimeout), (168 bytes).
    Removing tasks.o(i.vTaskPrioritySet), (196 bytes).
    Removing tasks.o(i.vTaskRemoveFromUnorderedEventList), (112 bytes).
    Removing tasks.o(i.vTaskSetTimeOutState), (48 bytes).
    Removing tasks.o(i.xTaskCheckForTimeOut), (116 bytes).
    Removing tasks.o(i.xTaskGenericNotify), (204 bytes).
    Removing tasks.o(i.xTaskGenericNotifyFromISR), (240 bytes).
    Removing tasks.o(i.xTaskGetCurrentTaskHandle), (12 bytes).
    Removing tasks.o(i.xTaskGetSchedulerState), (28 bytes).
    Removing tasks.o(i.xTaskGetTickCount), (12 bytes).
    Removing tasks.o(i.xTaskGetTickCountFromISR), (16 bytes).
    Removing tasks.o(i.xTaskNotifyStateClear), (52 bytes).
    Removing tasks.o(i.xTaskNotifyWait), (140 bytes).
    Removing tasks.o(i.xTaskPriorityDisinherit), (152 bytes).
    Removing tasks.o(i.xTaskPriorityInherit), (148 bytes).
    Removing tasks.o(i.xTaskRemoveFromEventList), (116 bytes).
    Removing tasks.o(i.xTaskResumeFromISR), (136 bytes).
    Removing cmsis_os.o(.rev16_text), (4 bytes).
    Removing cmsis_os.o(.revsh_text), (4 bytes).
    Removing cmsis_os.o(.rrx_text), (6 bytes).
    Removing cmsis_os.o(i.inHandlerMode), (12 bytes).
    Removing cmsis_os.o(i.makeCmsisPriority), (14 bytes).
    Removing cmsis_os.o(i.osAbortDelay), (4 bytes).
    Removing cmsis_os.o(i.osDelayUntil), (4 bytes).
    Removing cmsis_os.o(i.osKernelRunning), (18 bytes).
    Removing cmsis_os.o(i.osKernelSysTick), (24 bytes).
    Removing cmsis_os.o(i.osMailAlloc), (12 bytes).
    Removing cmsis_os.o(i.osMailCAlloc), (32 bytes).
    Removing cmsis_os.o(i.osMailCreate), (92 bytes).
    Removing cmsis_os.o(i.osMailFree), (12 bytes).
    Removing cmsis_os.o(i.osMailGet), (144 bytes).
    Removing cmsis_os.o(i.osMailPut), (92 bytes).
    Removing cmsis_os.o(i.osMessageAvailableSpace), (4 bytes).
    Removing cmsis_os.o(i.osMessageCreate), (38 bytes).
    Removing cmsis_os.o(i.osMessageDelete), (24 bytes).
    Removing cmsis_os.o(i.osMessageGet), (148 bytes).
    Removing cmsis_os.o(i.osMessagePeek), (74 bytes).
    Removing cmsis_os.o(i.osMessagePut), (92 bytes).
    Removing cmsis_os.o(i.osMessageWaiting), (30 bytes).
    Removing cmsis_os.o(i.osMutexCreate), (16 bytes).
    Removing cmsis_os.o(i.osMutexDelete), (24 bytes).
    Removing cmsis_os.o(i.osMutexRelease), (80 bytes).
    Removing cmsis_os.o(i.osMutexWait), (100 bytes).
    Removing cmsis_os.o(i.osPoolAlloc), (106 bytes).
    Removing cmsis_os.o(i.osPoolCAlloc), (16 bytes).
    Removing cmsis_os.o(i.osPoolCreate), (94 bytes).
    Removing cmsis_os.o(i.osPoolFree), (48 bytes).
    Removing cmsis_os.o(i.osRecursiveMutexCreate), (4 bytes).
    Removing cmsis_os.o(i.osRecursiveMutexRelease), (4 bytes).
    Removing cmsis_os.o(i.osRecursiveMutexWait), (4 bytes).
    Removing cmsis_os.o(i.osSemaphoreCreate), (62 bytes).
    Removing cmsis_os.o(i.osSemaphoreDelete), (24 bytes).
    Removing cmsis_os.o(i.osSemaphoreGetCount), (4 bytes).
    Removing cmsis_os.o(i.osSemaphoreRelease), (80 bytes).
    Removing cmsis_os.o(i.osSemaphoreWait), (100 bytes).
    Removing cmsis_os.o(i.osSignalSet), (92 bytes).
    Removing cmsis_os.o(i.osSignalWait), (86 bytes).
    Removing cmsis_os.o(i.osSystickHandler), (20 bytes).
    Removing cmsis_os.o(i.osThreadGetId), (4 bytes).
    Removing cmsis_os.o(i.osThreadGetPriority), (32 bytes).
    Removing cmsis_os.o(i.osThreadList), (4 bytes).
    Removing cmsis_os.o(i.osThreadResume), (52 bytes).
    Removing cmsis_os.o(i.osThreadResumeAll), (18 bytes).
    Removing cmsis_os.o(i.osThreadSetPriority), (22 bytes).
    Removing cmsis_os.o(i.osThreadSuspend), (10 bytes).
    Removing cmsis_os.o(i.osThreadSuspendAll), (10 bytes).
    Removing cmsis_os.o(i.osThreadTerminate), (10 bytes).
    Removing cmsis_os.o(i.osThreadYield), (24 bytes).
    Removing cmsis_os.o(i.osTimerCreate), (4 bytes).
    Removing cmsis_os.o(i.osTimerDelete), (4 bytes).
    Removing cmsis_os.o(i.osTimerStart), (4 bytes).
    Removing cmsis_os.o(i.osTimerStop), (4 bytes).
    Removing heap_4.o(i.vPortInitialiseBlocks), (2 bytes).
    Removing heap_4.o(i.xPortGetFreeHeapSize), (12 bytes).
    Removing heap_4.o(i.xPortGetMinimumEverFreeHeapSize), (12 bytes).
    Removing port.o(i.vPortEndScheduler), (32 bytes).
    Removing port.o(i.vPortValidateInterruptPriority), (84 bytes).

587 unused section(s) (total 38741 bytes) removed from the image.

==============================================================================

Image Symbol Table

    Local Symbols

    Symbol Name                              Value     Ov Type        Size  Object(Section)

    ../Drivers/STM32F4xx_HAL_Driver/Src/stm32f4xx_hal.c 0x00000000   Number         0  stm32f4xx_hal.o ABSOLUTE
    ../Drivers/STM32F4xx_HAL_Driver/Src/stm32f4xx_hal_cortex.c 0x00000000   Number         0  stm32f4xx_hal_cortex.o ABSOLUTE
    ../Drivers/STM32F4xx_HAL_Driver/Src/stm32f4xx_hal_dma.c 0x00000000   Number         0  stm32f4xx_hal_dma.o ABSOLUTE
    ../Drivers/STM32F4xx_HAL_Driver/Src/stm32f4xx_hal_dma_ex.c 0x00000000   Number         0  stm32f4xx_hal_dma_ex.o ABSOLUTE
    ../Drivers/STM32F4xx_HAL_Driver/Src/stm32f4xx_hal_exti.c 0x00000000   Number         0  stm32f4xx_hal_exti.o ABSOLUTE
    ../Drivers/STM32F4xx_HAL_Driver/Src/stm32f4xx_hal_flash.c 0x00000000   Number         0  stm32f4xx_hal_flash.o ABSOLUTE
    ../Drivers/STM32F4xx_HAL_Driver/Src/stm32f4xx_hal_flash_ex.c 0x00000000   Number         0  stm32f4xx_hal_flash_ex.o ABSOLUTE
    ../Drivers/STM32F4xx_HAL_Driver/Src/stm32f4xx_hal_flash_ramfunc.c 0x00000000   Number         0  stm32f4xx_hal_flash_ramfunc.o ABSOLUTE
    ../Drivers/STM32F4xx_HAL_Driver/Src/stm32f4xx_hal_gpio.c 0x00000000   Number         0  stm32f4xx_hal_gpio.o ABSOLUTE
    ../Drivers/STM32F4xx_HAL_Driver/Src/stm32f4xx_hal_pwr.c 0x00000000   Number         0  stm32f4xx_hal_pwr.o ABSOLUTE
    ../Drivers/STM32F4xx_HAL_Driver/Src/stm32f4xx_hal_pwr_ex.c 0x00000000   Number         0  stm32f4xx_hal_pwr_ex.o ABSOLUTE
    ../Drivers/STM32F4xx_HAL_Driver/Src/stm32f4xx_hal_rcc.c 0x00000000   Number         0  stm32f4xx_hal_rcc.o ABSOLUTE
    ../Drivers/STM32F4xx_HAL_Driver/Src/stm32f4xx_hal_rcc_ex.c 0x00000000   Number         0  stm32f4xx_hal_rcc_ex.o ABSOLUTE
    ../Drivers/STM32F4xx_HAL_Driver/Src/stm32f4xx_hal_spi.c 0x00000000   Number         0  stm32f4xx_hal_spi.o ABSOLUTE
    ../Drivers/STM32F4xx_HAL_Driver/Src/stm32f4xx_hal_tim.c 0x00000000   Number         0  stm32f4xx_hal_tim.o ABSOLUTE
    ../Drivers/STM32F4xx_HAL_Driver/Src/stm32f4xx_hal_tim_ex.c 0x00000000   Number         0  stm32f4xx_hal_tim_ex.o ABSOLUTE
    ../Middlewares/Third_Party/FreeRTOS/Source/CMSIS_RTOS/cmsis_os.c 0x00000000   Number         0  cmsis_os.o ABSOLUTE
    ../Middlewares/Third_Party/FreeRTOS/Source/croutine.c 0x00000000   Number         0  croutine.o ABSOLUTE
    ../Middlewares/Third_Party/FreeRTOS/Source/event_groups.c 0x00000000   Number         0  event_groups.o ABSOLUTE
    ../Middlewares/Third_Party/FreeRTOS/Source/list.c 0x00000000   Number         0  list.o ABSOLUTE
    ../Middlewares/Third_Party/FreeRTOS/Source/portable/MemMang/heap_4.c 0x00000000   Number         0  heap_4.o ABSOLUTE
    ../Middlewares/Third_Party/FreeRTOS/Source/portable/RVDS/ARM_CM4F/port.c 0x00000000   Number         0  port.o ABSOLUTE
    ../Middlewares/Third_Party/FreeRTOS/Source/queue.c 0x00000000   Number         0  queue.o ABSOLUTE
    ../Middlewares/Third_Party/FreeRTOS/Source/stream_buffer.c 0x00000000   Number         0  stream_buffer.o ABSOLUTE
    ../Middlewares/Third_Party/FreeRTOS/Source/tasks.c 0x00000000   Number         0  tasks.o ABSOLUTE
    ../Middlewares/Third_Party/FreeRTOS/Source/timers.c 0x00000000   Number         0  timers.o ABSOLUTE
    ../Src/freertos.c                        0x00000000   Number         0  freertos.o ABSOLUTE
    ../Src/main.c                            0x00000000   Number         0  main.o ABSOLUTE
    ../Src/stm32f4xx_hal_msp.c               0x00000000   Number         0  stm32f4xx_hal_msp.o ABSOLUTE
    ../Src/stm32f4xx_hal_timebase_tim.c      0x00000000   Number         0  stm32f4xx_hal_timebase_tim.o ABSOLUTE
    ../Src/stm32f4xx_it.c                    0x00000000   Number         0  stm32f4xx_it.o ABSOLUTE
    ../Src/system_stm32f4xx.c                0x00000000   Number         0  system_stm32f4xx.o ABSOLUTE
    ../clib/../cmprslib/zerorunl2.c          0x00000000   Number         0  __dczerorl2.o ABSOLUTE
    ../clib/microlib/division.c              0x00000000   Number         0  uldiv.o ABSOLUTE
    ../clib/microlib/init/entry.s            0x00000000   Number         0  entry9b.o ABSOLUTE
    ../clib/microlib/init/entry.s            0x00000000   Number         0  entry11b.o ABSOLUTE
    ../clib/microlib/init/entry.s            0x00000000   Number         0  entry7b.o ABSOLUTE
    ../clib/microlib/init/entry.s            0x00000000   Number         0  entry8a.o ABSOLUTE
    ../clib/microlib/init/entry.s            0x00000000   Number         0  entry5.o ABSOLUTE
    ../clib/microlib/init/entry.s            0x00000000   Number         0  entry10b.o ABSOLUTE
    ../clib/microlib/init/entry.s            0x00000000   Number         0  entry8b.o ABSOLUTE
    ../clib/microlib/init/entry.s            0x00000000   Number         0  entry7a.o ABSOLUTE
    ../clib/microlib/init/entry.s            0x00000000   Number         0  entry2.o ABSOLUTE
    ../clib/microlib/init/entry.s            0x00000000   Number         0  entry9a.o ABSOLUTE
    ../clib/microlib/init/entry.s            0x00000000   Number         0  entry11a.o ABSOLUTE
    ../clib/microlib/init/entry.s            0x00000000   Number         0  entry.o ABSOLUTE
    ../clib/microlib/init/entry.s            0x00000000   Number         0  entry10a.o ABSOLUTE
    ../clib/microlib/longlong.c              0x00000000   Number         0  llushr.o ABSOLUTE
    ../clib/microlib/longlong.c              0x00000000   Number         0  llshl.o ABSOLUTE
    ../clib/microlib/string/memcpy.c         0x00000000   Number         0  memcpyb.o ABSOLUTE
    ../clib/microlib/string/memcpy.c         0x00000000   Number         0  memcpya.o ABSOLUTE
    ../clib/microlib/string/memset.c         0x00000000   Number         0  memset.o ABSOLUTE
    ../clib/microlib/string/memset.c         0x00000000   Number         0  memseta.o ABSOLUTE
    ..\Drivers\STM32F4xx_HAL_Driver\Src\stm32f4xx_hal.c 0x00000000   Number         0  stm32f4xx_hal.o ABSOLUTE
    ..\Drivers\STM32F4xx_HAL_Driver\Src\stm32f4xx_hal_cortex.c 0x00000000   Number         0  stm32f4xx_hal_cortex.o ABSOLUTE
    ..\Drivers\STM32F4xx_HAL_Driver\Src\stm32f4xx_hal_dma.c 0x00000000   Number         0  stm32f4xx_hal_dma.o ABSOLUTE
    ..\Drivers\STM32F4xx_HAL_Driver\Src\stm32f4xx_hal_dma_ex.c 0x00000000   Number         0  stm32f4xx_hal_dma_ex.o ABSOLUTE
    ..\Drivers\STM32F4xx_HAL_Driver\Src\stm32f4xx_hal_exti.c 0x00000000   Number         0  stm32f4xx_hal_exti.o ABSOLUTE
    ..\Drivers\STM32F4xx_HAL_Driver\Src\stm32f4xx_hal_flash.c 0x00000000   Number         0  stm32f4xx_hal_flash.o ABSOLUTE
    ..\Drivers\STM32F4xx_HAL_Driver\Src\stm32f4xx_hal_flash_ex.c 0x00000000   Number         0  stm32f4xx_hal_flash_ex.o ABSOLUTE
    ..\Drivers\STM32F4xx_HAL_Driver\Src\stm32f4xx_hal_flash_ramfunc.c 0x00000000   Number         0  stm32f4xx_hal_flash_ramfunc.o ABSOLUTE
    ..\Drivers\STM32F4xx_HAL_Driver\Src\stm32f4xx_hal_gpio.c 0x00000000   Number         0  stm32f4xx_hal_gpio.o ABSOLUTE
    ..\Drivers\STM32F4xx_HAL_Driver\Src\stm32f4xx_hal_pwr.c 0x00000000   Number         0  stm32f4xx_hal_pwr.o ABSOLUTE
    ..\Drivers\STM32F4xx_HAL_Driver\Src\stm32f4xx_hal_pwr_ex.c 0x00000000   Number         0  stm32f4xx_hal_pwr_ex.o ABSOLUTE
    ..\Drivers\STM32F4xx_HAL_Driver\Src\stm32f4xx_hal_rcc.c 0x00000000   Number         0  stm32f4xx_hal_rcc.o ABSOLUTE
    ..\Drivers\STM32F4xx_HAL_Driver\Src\stm32f4xx_hal_rcc_ex.c 0x00000000   Number         0  stm32f4xx_hal_rcc_ex.o ABSOLUTE
    ..\Drivers\STM32F4xx_HAL_Driver\Src\stm32f4xx_hal_spi.c 0x00000000   Number         0  stm32f4xx_hal_spi.o ABSOLUTE
    ..\Drivers\STM32F4xx_HAL_Driver\Src\stm32f4xx_hal_tim.c 0x00000000   Number         0  stm32f4xx_hal_tim.o ABSOLUTE
    ..\Drivers\STM32F4xx_HAL_Driver\Src\stm32f4xx_hal_tim_ex.c 0x00000000   Number         0  stm32f4xx_hal_tim_ex.o ABSOLUTE
    ..\Middlewares\Third_Party\FreeRTOS\Source\CMSIS_RTOS\cmsis_os.c 0x00000000   Number         0  cmsis_os.o ABSOLUTE
    ..\Middlewares\Third_Party\FreeRTOS\Source\portable\RVDS\ARM_CM4F\port.c 0x00000000   Number         0  port.o ABSOLUTE
    ..\Src\Matric.c                          0x00000000   Number         0  matric.o ABSOLUTE
    ..\Src\Wheel_Init.c                      0x00000000   Number         0  wheel_init.o ABSOLUTE
    ..\Src\freertos.c                        0x00000000   Number         0  freertos.o ABSOLUTE
    ..\Src\main.c                            0x00000000   Number         0  main.o ABSOLUTE
    ..\Src\rc522.c                           0x00000000   Number         0  rc522.o ABSOLUTE
    ..\Src\stm32f4xx_hal_msp.c               0x00000000   Number         0  stm32f4xx_hal_msp.o ABSOLUTE
    ..\Src\stm32f4xx_hal_timebase_tim.c      0x00000000   Number         0  stm32f4xx_hal_timebase_tim.o ABSOLUTE
    ..\Src\stm32f4xx_it.c                    0x00000000   Number         0  stm32f4xx_it.o ABSOLUTE
    ..\Src\system_stm32f4xx.c                0x00000000   Number         0  system_stm32f4xx.o ABSOLUTE
    ..\\Src\\Matric.c                        0x00000000   Number         0  matric.o ABSOLUTE
    ..\\Src\\Wheel_Init.c                    0x00000000   Number         0  wheel_init.o ABSOLUTE
    ..\\Src\\rc522.c                         0x00000000   Number         0  rc522.o ABSOLUTE
    dc.s                                     0x00000000   Number         0  dc.o ABSOLUTE
    handlers.s                               0x00000000   Number         0  handlers.o ABSOLUTE
    init.s                                   0x00000000   Number         0  init.o ABSOLUTE
    startup_stm32f411xe.s                    0x00000000   Number         0  startup_stm32f411xe.o ABSOLUTE
    RESET                                    0x08000000   Section      408  startup_stm32f411xe.o(RESET)
    .ARM.Collect$$$$00000000                 0x08000198   Section        0  entry.o(.ARM.Collect$$$$00000000)
    .ARM.Collect$$$$00000001                 0x08000198   Section        4  entry2.o(.ARM.Collect$$$$00000001)
    .ARM.Collect$$$$00000004                 0x0800019c   Section        4  entry5.o(.ARM.Collect$$$$00000004)
    .ARM.Collect$$$$00000008                 0x080001a0   Section        0  entry7b.o(.ARM.Collect$$$$00000008)
    .ARM.Collect$$$$0000000A                 0x080001a0   Section        0  entry8b.o(.ARM.Collect$$$$0000000A)
    .ARM.Collect$$$$0000000B                 0x080001a0   Section        8  entry9a.o(.ARM.Collect$$$$0000000B)
    .ARM.Collect$$$$0000000D                 0x080001a8   Section        0  entry10a.o(.ARM.Collect$$$$0000000D)
    .ARM.Collect$$$$0000000F                 0x080001a8   Section        0  entry11a.o(.ARM.Collect$$$$0000000F)
    .ARM.Collect$$$$00002712                 0x080001a8   Section        4  entry2.o(.ARM.Collect$$$$00002712)
    __lit__00000000                          0x080001a8   Data           4  entry2.o(.ARM.Collect$$$$00002712)
    .emb_text                                0x080001ac   Section      190  port.o(.emb_text)
    $v0                                      0x080001ac   Number         0  port.o(.emb_text)
    .text                                    0x0800026c   Section       36  startup_stm32f411xe.o(.text)
    $v0                                      0x0800026c   Number         0  startup_stm32f411xe.o(.text)
    .text                                    0x08000290   Section        0  uldiv.o(.text)
    .text                                    0x080002f2   Section        0  memcpya.o(.text)
    .text                                    0x08000316   Section        0  memseta.o(.text)
    .text                                    0x0800033a   Section        0  llshl.o(.text)
    .text                                    0x08000358   Section        0  llushr.o(.text)
    .text                                    0x08000378   Section       36  init.o(.text)
    .text                                    0x0800039c   Section        0  __dczerorl2.o(.text)
    i.BusFault_Handler                       0x080003f2   Section        0  stm32f4xx_it.o(i.BusFault_Handler)
    i.DebugMon_Handler                       0x080003f4   Section        0  stm32f4xx_it.o(i.DebugMon_Handler)
    i.Dijkstra                               0x080003f8   Section        0  matric.o(i.Dijkstra)
    i.FindCards                              0x08000590   Section        0  rc522.o(i.FindCards)
    i.HAL_GPIO_Init                          0x0800061c   Section        0  stm32f4xx_hal_gpio.o(i.HAL_GPIO_Init)
    i.HAL_GPIO_WritePin                      0x080007b0   Section        0  stm32f4xx_hal_gpio.o(i.HAL_GPIO_WritePin)
    i.HAL_GetTick                            0x080007bc   Section        0  stm32f4xx_hal.o(i.HAL_GetTick)
    i.HAL_IncTick                            0x080007c8   Section        0  stm32f4xx_hal.o(i.HAL_IncTick)
    i.HAL_Init                               0x080007d8   Section        0  stm32f4xx_hal.o(i.HAL_Init)
    i.HAL_InitTick                           0x0800080c   Section        0  stm32f4xx_hal_timebase_tim.o(i.HAL_InitTick)
    i.HAL_MspInit                            0x08000880   Section        0  stm32f4xx_hal_msp.o(i.HAL_MspInit)
    i.HAL_NVIC_EnableIRQ                     0x080008b8   Section        0  stm32f4xx_hal_cortex.o(i.HAL_NVIC_EnableIRQ)
    i.HAL_NVIC_SetPriority                   0x080008d4   Section        0  stm32f4xx_hal_cortex.o(i.HAL_NVIC_SetPriority)
    i.HAL_NVIC_SetPriorityGrouping           0x08000914   Section        0  stm32f4xx_hal_cortex.o(i.HAL_NVIC_SetPriorityGrouping)
    i.HAL_RCC_ClockConfig                    0x08000938   Section        0  stm32f4xx_hal_rcc.o(i.HAL_RCC_ClockConfig)
    i.HAL_RCC_GetClockConfig                 0x08000a6c   Section        0  stm32f4xx_hal_rcc.o(i.HAL_RCC_GetClockConfig)
    i.HAL_RCC_GetPCLK2Freq                   0x08000aac   Section        0  stm32f4xx_hal_rcc.o(i.HAL_RCC_GetPCLK2Freq)
    i.HAL_RCC_GetSysClockFreq                0x08000acc   Section        0  stm32f4xx_hal_rcc.o(i.HAL_RCC_GetSysClockFreq)
    i.HAL_RCC_OscConfig                      0x08000b2c   Section        0  stm32f4xx_hal_rcc.o(i.HAL_RCC_OscConfig)
    i.HAL_SPI_Init                           0x08000e88   Section        0  stm32f4xx_hal_spi.o(i.HAL_SPI_Init)
    i.HAL_SPI_MspInit                        0x08000f08   Section        0  stm32f4xx_hal_msp.o(i.HAL_SPI_MspInit)
    i.HAL_SPI_TransmitReceive                0x08000f70   Section        0  stm32f4xx_hal_spi.o(i.HAL_SPI_TransmitReceive)
    i.HAL_TIMEx_BreakCallback                0x08001152   Section        0  stm32f4xx_hal_tim_ex.o(i.HAL_TIMEx_BreakCallback)
    i.HAL_TIMEx_CommutCallback               0x08001154   Section        0  stm32f4xx_hal_tim_ex.o(i.HAL_TIMEx_CommutCallback)
    i.HAL_TIM_Base_Init                      0x08001156   Section        0  stm32f4xx_hal_tim.o(i.HAL_TIM_Base_Init)
    i.HAL_TIM_Base_MspInit                   0x0800118c   Section        0  stm32f4xx_hal_tim.o(i.HAL_TIM_Base_MspInit)
    i.HAL_TIM_Base_Start_IT                  0x0800118e   Section        0  stm32f4xx_hal_tim.o(i.HAL_TIM_Base_Start_IT)
    i.HAL_TIM_IC_CaptureCallback             0x080011b0   Section        0  stm32f4xx_hal_tim.o(i.HAL_TIM_IC_CaptureCallback)
    i.HAL_TIM_IRQHandler                     0x080011b2   Section        0  stm32f4xx_hal_tim.o(i.HAL_TIM_IRQHandler)
    i.HAL_TIM_OC_DelayElapsedCallback        0x08001318   Section        0  stm32f4xx_hal_tim.o(i.HAL_TIM_OC_DelayElapsedCallback)
    i.HAL_TIM_PWM_PulseFinishedCallback      0x0800131a   Section        0  stm32f4xx_hal_tim.o(i.HAL_TIM_PWM_PulseFinishedCallback)
    i.HAL_TIM_PeriodElapsedCallback          0x0800131c   Section        0  main.o(i.HAL_TIM_PeriodElapsedCallback)
    i.HAL_TIM_TriggerCallback                0x08001330   Section        0  stm32f4xx_hal_tim.o(i.HAL_TIM_TriggerCallback)
    i.HardFault_Handler                      0x08001332   Section        0  stm32f4xx_it.o(i.HardFault_Handler)
    i.MFRC522_AntennaOn                      0x08001334   Section        0  rc522.o(i.MFRC522_AntennaOn)
    i.MFRC522_Anticoll                       0x0800134e   Section        0  rc522.o(i.MFRC522_Anticoll)
    i.MFRC522_CalculateCRC                   0x08001390   Section        0  rc522.o(i.MFRC522_CalculateCRC)
    i.MFRC522_Check                          0x080013ee   Section        0  rc522.o(i.MFRC522_Check)
    i.MFRC522_ClearBitMask                   0x0800140e   Section        0  rc522.o(i.MFRC522_ClearBitMask)
    i.MFRC522_Halt                           0x08001426   Section        0  rc522.o(i.MFRC522_Halt)
    i.MFRC522_Init                           0x0800148c   Section        0  rc522.o(i.MFRC522_Init)
    i.MFRC522_ReadRegister                   0x080014d6   Section        0  rc522.o(i.MFRC522_ReadRegister)
    i.MFRC522_Request                        0x080014e4   Section        0  rc522.o(i.MFRC522_Request)
    i.MFRC522_Reset                          0x080014f6   Section        0  rc522.o(i.MFRC522_Reset)
    i.MFRC522_SetBitMask                     0x080014fe   Section        0  rc522.o(i.MFRC522_SetBitMask)
    i.MFRC522_ToCard                         0x08001516   Section        0  rc522.o(i.MFRC522_ToCard)
    i.MFRC522_WriteRegister                  0x08001628   Section        0  rc522.o(i.MFRC522_WriteRegister)
    i.MX_SPI1_Init                           0x08001634   Section        0  main.o(i.MX_SPI1_Init)
    MX_SPI1_Init                             0x08001635   Thumb Code    44  main.o(i.MX_SPI1_Init)
    i.MemManage_Handler                      0x08001668   Section        0  stm32f4xx_it.o(i.MemManage_Handler)
    i.NMI_Handler                            0x0800166a   Section        0  stm32f4xx_it.o(i.NMI_Handler)
    i.PORTRC522_Init                         0x0800166c   Section        0  rc522.o(i.PORTRC522_Init)
    i.SPI1SendByte                           0x080016b8   Section        0  rc522.o(i.SPI1SendByte)
    i.SPI1_ReadReg                           0x080016d8   Section        0  rc522.o(i.SPI1_ReadReg)
    i.SPI1_WriteReg                          0x08001708   Section        0  rc522.o(i.SPI1_WriteReg)
    i.SPI_EndRxTxTransaction                 0x08001738   Section        0  stm32f4xx_hal_spi.o(i.SPI_EndRxTxTransaction)
    SPI_EndRxTxTransaction                   0x08001739   Thumb Code    80  stm32f4xx_hal_spi.o(i.SPI_EndRxTxTransaction)
    i.SPI_WaitFlagStateUntilTimeout          0x08001790   Section        0  stm32f4xx_hal_spi.o(i.SPI_WaitFlagStateUntilTimeout)
    SPI_WaitFlagStateUntilTimeout            0x08001791   Thumb Code   148  stm32f4xx_hal_spi.o(i.SPI_WaitFlagStateUntilTimeout)
    i.SysTick_Handler                        0x08001824   Section        0  port.o(i.SysTick_Handler)
    i.SystemClock_Config                     0x08001850   Section        0  main.o(i.SystemClock_Config)
    i.SystemInit                             0x080018d4   Section        0  system_stm32f4xx.o(i.SystemInit)
    i.TIM1_UP_TIM10_IRQHandler               0x080018f0   Section        0  stm32f4xx_it.o(i.TIM1_UP_TIM10_IRQHandler)
    i.TIM_Base_SetConfig                     0x080018fc   Section        0  stm32f4xx_hal_tim.o(i.TIM_Base_SetConfig)
    i.Task_Check_RFID                        0x08001994   Section        0  main.o(i.Task_Check_RFID)
    i.Taskmove                               0x080019e4   Section        0  main.o(i.Taskmove)
    i.TaskmoveBackward                       0x08001ac4   Section        0  main.o(i.TaskmoveBackward)
    i.TaskmoveForward                        0x08001aca   Section        0  main.o(i.TaskmoveForward)
    i.TaskmoveSidewaysLeft                   0x08001ad0   Section        0  main.o(i.TaskmoveSidewaysLeft)
    i.TaskmoveSidewaysRight                  0x08001ad6   Section        0  main.o(i.TaskmoveSidewaysRight)
    i.UsageFault_Handler                     0x08001adc   Section        0  stm32f4xx_it.o(i.UsageFault_Handler)
    i.Wheel_GPIO_Init                        0x08001ae0   Section        0  wheel_init.o(i.Wheel_GPIO_Init)
    i.__NVIC_SetPriority                     0x08001b98   Section        0  stm32f4xx_hal_cortex.o(i.__NVIC_SetPriority)
    __NVIC_SetPriority                       0x08001b99   Thumb Code    32  stm32f4xx_hal_cortex.o(i.__NVIC_SetPriority)
    i.__scatterload_copy                     0x08001bb8   Section       14  handlers.o(i.__scatterload_copy)
    i.__scatterload_null                     0x08001bc6   Section        2  handlers.o(i.__scatterload_null)
    i.__scatterload_zeroinit                 0x08001bc8   Section       14  handlers.o(i.__scatterload_zeroinit)
    i.calculator_Dijkstra                    0x08001bd8   Section        0  main.o(i.calculator_Dijkstra)
    i.led_DIR_circle                         0x08001c44   Section        0  main.o(i.led_DIR_circle)
    i.main                                   0x08001cec   Section        0  main.o(i.main)
    i.makeFreeRtosPriority                   0x08001dc8   Section        0  cmsis_os.o(i.makeFreeRtosPriority)
    makeFreeRtosPriority                     0x08001dc9   Thumb Code    12  cmsis_os.o(i.makeFreeRtosPriority)
    i.moveBackward                           0x08001dd4   Section        0  wheel_init.o(i.moveBackward)
    i.moveForward                            0x08001e9c   Section        0  wheel_init.o(i.moveForward)
    i.moveSidewaysLeft                       0x08001f60   Section        0  wheel_init.o(i.moveSidewaysLeft)
    i.moveSidewaysRight                      0x0800202c   Section        0  wheel_init.o(i.moveSidewaysRight)
    i.osDelay                                0x080020f4   Section        0  cmsis_os.o(i.osDelay)
    i.osKernelStart                          0x08002102   Section        0  cmsis_os.o(i.osKernelStart)
    i.osThreadCreate                         0x0800210c   Section        0  cmsis_os.o(i.osThreadCreate)
    i.prvAddCurrentTaskToDelayedList         0x08002160   Section        0  tasks.o(i.prvAddCurrentTaskToDelayedList)
    prvAddCurrentTaskToDelayedList           0x08002161   Thumb Code   102  tasks.o(i.prvAddCurrentTaskToDelayedList)
    i.prvAddNewTaskToReadyList               0x080021d0   Section        0  tasks.o(i.prvAddNewTaskToReadyList)
    prvAddNewTaskToReadyList                 0x080021d1   Thumb Code   194  tasks.o(i.prvAddNewTaskToReadyList)
    i.prvDeleteTCB                           0x080022a0   Section        0  tasks.o(i.prvDeleteTCB)
    prvDeleteTCB                             0x080022a1   Thumb Code    52  tasks.o(i.prvDeleteTCB)
    i.prvHeapInit                            0x080022d4   Section        0  heap_4.o(i.prvHeapInit)
    prvHeapInit                              0x080022d5   Thumb Code    66  heap_4.o(i.prvHeapInit)
    i.prvIdleTask                            0x08002320   Section        0  tasks.o(i.prvIdleTask)
    prvIdleTask                              0x08002321   Thumb Code    82  tasks.o(i.prvIdleTask)
    i.prvInitialiseNewTask                   0x08002380   Section        0  tasks.o(i.prvInitialiseNewTask)
    prvInitialiseNewTask                     0x08002381   Thumb Code   142  tasks.o(i.prvInitialiseNewTask)
    i.prvInsertBlockIntoFreeList             0x08002410   Section        0  heap_4.o(i.prvInsertBlockIntoFreeList)
    prvInsertBlockIntoFreeList               0x08002411   Thumb Code    72  heap_4.o(i.prvInsertBlockIntoFreeList)
    i.prvResetNextTaskUnblockTime            0x0800245c   Section        0  tasks.o(i.prvResetNextTaskUnblockTime)
    prvResetNextTaskUnblockTime              0x0800245d   Thumb Code    26  tasks.o(i.prvResetNextTaskUnblockTime)
    i.prvTaskExitError                       0x0800247c   Section        0  port.o(i.prvTaskExitError)
    prvTaskExitError                         0x0800247d   Thumb Code    36  port.o(i.prvTaskExitError)
    i.prvTaskIsTaskSuspended                 0x080024a4   Section        0  tasks.o(i.prvTaskIsTaskSuspended)
    prvTaskIsTaskSuspended                   0x080024a5   Thumb Code    48  tasks.o(i.prvTaskIsTaskSuspended)
    i.pvPortMalloc                           0x080024d8   Section        0  heap_4.o(i.pvPortMalloc)
    i.pxPortInitialiseStack                  0x080025b0   Section        0  port.o(i.pxPortInitialiseStack)
    i.uxListRemove                           0x080025dc   Section        0  list.o(i.uxListRemove)
    i.vApplicationGetIdleTaskMemory          0x08002604   Section        0  freertos.o(i.vApplicationGetIdleTaskMemory)
    i.vListInitialise                        0x08002618   Section        0  list.o(i.vListInitialise)
    i.vListInitialiseItem                    0x0800262e   Section        0  list.o(i.vListInitialiseItem)
    i.vListInsert                            0x08002634   Section        0  list.o(i.vListInsert)
    i.vListInsertEnd                         0x08002664   Section        0  list.o(i.vListInsertEnd)
    i.vPortEnterCritical                     0x0800267c   Section        0  port.o(i.vPortEnterCritical)
    i.vPortExitCritical                      0x080026bc   Section        0  port.o(i.vPortExitCritical)
    i.vPortFree                              0x080026e4   Section        0  heap_4.o(i.vPortFree)
    i.vPortSetupTimerInterrupt               0x08002740   Section        0  port.o(i.vPortSetupTimerInterrupt)
    i.vTaskDelay                             0x08002764   Section        0  tasks.o(i.vTaskDelay)
    i.vTaskResume                            0x080027b0   Section        0  tasks.o(i.vTaskResume)
    i.vTaskStartScheduler                    0x0800282c   Section        0  tasks.o(i.vTaskStartScheduler)
    i.vTaskSuspend                           0x08002898   Section        0  tasks.o(i.vTaskSuspend)
    i.vTaskSuspendAll                        0x08002954   Section        0  tasks.o(i.vTaskSuspendAll)
    i.vTaskSwitchContext                     0x08002964   Section        0  tasks.o(i.vTaskSwitchContext)
    i.xPortStartScheduler                    0x080029c0   Section        0  port.o(i.xPortStartScheduler)
    i.xTaskCreate                            0x08002ab4   Section        0  tasks.o(i.xTaskCreate)
    i.xTaskCreateStatic                      0x08002b0e   Section        0  tasks.o(i.xTaskCreateStatic)
    i.xTaskIncrementTick                     0x08002b64   Section        0  tasks.o(i.xTaskIncrementTick)
    i.xTaskResumeAll                         0x08002c2c   Section        0  tasks.o(i.xTaskResumeAll)
    .constdata                               0x08002cf0   Section      196  main.o(.constdata)
    .constdata                               0x08002db4   Section       25  matric.o(.constdata)
    .constdata                               0x08002dcd   Section       16  system_stm32f4xx.o(.constdata)
    .constdata                               0x08002ddd   Section        8  system_stm32f4xx.o(.constdata)
    .conststring                             0x08002de8   Section      171  main.o(.conststring)
    .data                                    0x20000000   Section      240  main.o(.data)
    ID_Matrix                                0x20000028   Data         200  main.o(.data)
    .data                                    0x200000f0   Section     2500  matric.o(.data)
    .data                                    0x20000ab4   Section       12  stm32f4xx_hal.o(.data)
    .data                                    0x20000ac0   Section        4  system_stm32f4xx.o(.data)
    .data                                    0x20000ac4   Section       60  tasks.o(.data)
    pxDelayedTaskList                        0x20000ac8   Data           4  tasks.o(.data)
    pxOverflowDelayedTaskList                0x20000acc   Data           4  tasks.o(.data)
    uxDeletedTasksWaitingCleanUp             0x20000ad0   Data           4  tasks.o(.data)
    uxCurrentNumberOfTasks                   0x20000ad4   Data           4  tasks.o(.data)
    xTickCount                               0x20000ad8   Data           4  tasks.o(.data)
    uxTopReadyPriority                       0x20000adc   Data           4  tasks.o(.data)
    xSchedulerRunning                        0x20000ae0   Data           4  tasks.o(.data)
    uxPendedTicks                            0x20000ae4   Data           4  tasks.o(.data)
    xYieldPending                            0x20000ae8   Data           4  tasks.o(.data)
    xNumOfOverflows                          0x20000aec   Data           4  tasks.o(.data)
    uxTaskNumber                             0x20000af0   Data           4  tasks.o(.data)
    xNextTaskUnblockTime                     0x20000af4   Data           4  tasks.o(.data)
    xIdleTaskHandle                          0x20000af8   Data           4  tasks.o(.data)
    uxSchedulerSuspended                     0x20000afc   Data           4  tasks.o(.data)
    .data                                    0x20000b00   Section       24  heap_4.o(.data)
    pxEnd                                    0x20000b00   Data           4  heap_4.o(.data)
    xFreeBytesRemaining                      0x20000b04   Data           4  heap_4.o(.data)
    xMinimumEverFreeBytesRemaining           0x20000b08   Data           4  heap_4.o(.data)
    xBlockAllocatedBit                       0x20000b0c   Data           4  heap_4.o(.data)
    xStart                                   0x20000b10   Data           8  heap_4.o(.data)
    .data                                    0x20000b18   Section       12  port.o(.data)
    ucMaxSysCallPriority                     0x20000b18   Data           1  port.o(.data)
    uxCriticalNesting                        0x20000b1c   Data           4  port.o(.data)
    ulMaxPRIGROUPValue                       0x20000b20   Data           4  port.o(.data)
    .bss                                     0x20000b24   Section      164  main.o(.bss)
    .bss                                     0x20000bc8   Section      596  freertos.o(.bss)
    xIdleTaskTCBBuffer                       0x20000bc8   Data          84  freertos.o(.bss)
    xIdleStack                               0x20000c1c   Data         512  freertos.o(.bss)
    .bss                                     0x20000e1c   Section       64  stm32f4xx_hal_timebase_tim.o(.bss)
    .bss                                     0x20000e5c   Section      240  tasks.o(.bss)
    pxReadyTasksLists                        0x20000e5c   Data         140  tasks.o(.bss)
    xDelayedTaskList1                        0x20000ee8   Data          20  tasks.o(.bss)
    xDelayedTaskList2                        0x20000efc   Data          20  tasks.o(.bss)
    xPendingReadyList                        0x20000f10   Data          20  tasks.o(.bss)
    xTasksWaitingTermination                 0x20000f24   Data          20  tasks.o(.bss)
    xSuspendedTaskList                       0x20000f38   Data          20  tasks.o(.bss)
    .bss                                     0x20000f4c   Section    15360  heap_4.o(.bss)
    ucHeap                                   0x20000f4c   Data       15360  heap_4.o(.bss)
    STACK                                    0x20004b50   Section     1024  startup_stm32f411xe.o(STACK)

    Global Symbols

    Symbol Name                              Value     Ov Type        Size  Object(Section)

    BuildAttributes$$THM_ISAv4$E$P$D$K$B$S$7EM$VFPi3$EXTD16$VFPS$VFMA$PE$A:L22UL41UL21$X:L11$S22US41US21$IEEE1$IW$USESV6$~STKCKD$USESV7$~SHL$OSPACE$EBA8$MICROLIB$REQ8$PRES8$EABIv2 0x00000000   Number         0  anon$$obj.o ABSOLUTE
    __ARM_use_no_argv                        0x00000000   Number         0  main.o ABSOLUTE
    __cpp_initialize__aeabi_                  - Undefined Weak Reference
    __cxa_finalize                            - Undefined Weak Reference
    _clock_init                               - Undefined Weak Reference
    _microlib_exit                            - Undefined Weak Reference
    __Vectors_Size                           0x00000198   Number         0  startup_stm32f411xe.o ABSOLUTE
    __Vectors                                0x08000000   Data           4  startup_stm32f411xe.o(RESET)
    __Vectors_End                            0x08000198   Data           0  startup_stm32f411xe.o(RESET)
    __main                                   0x08000199   Thumb Code     0  entry.o(.ARM.Collect$$$$00000000)
    _main_stk                                0x08000199   Thumb Code     0  entry2.o(.ARM.Collect$$$$00000001)
    _main_scatterload                        0x0800019d   Thumb Code     0  entry5.o(.ARM.Collect$$$$00000004)
    __main_after_scatterload                 0x080001a1   Thumb Code     0  entry5.o(.ARM.Collect$$$$00000004)
    _main_clock                              0x080001a1   Thumb Code     0  entry7b.o(.ARM.Collect$$$$00000008)
    _main_cpp_init                           0x080001a1   Thumb Code     0  entry8b.o(.ARM.Collect$$$$0000000A)
    _main_init                               0x080001a1   Thumb Code     0  entry9a.o(.ARM.Collect$$$$0000000B)
    __rt_final_cpp                           0x080001a9   Thumb Code     0  entry10a.o(.ARM.Collect$$$$0000000D)
    __rt_final_exit                          0x080001a9   Thumb Code     0  entry11a.o(.ARM.Collect$$$$0000000F)
    SVC_Handler                              0x080001ad   Thumb Code    28  port.o(.emb_text)
    __asm___6_port_c_39a90d8d__prvStartFirstTask 0x080001cd   Thumb Code    36  port.o(.emb_text)
    __asm___6_port_c_39a90d8d__prvEnableVFP  0x080001f5   Thumb Code    16  port.o(.emb_text)
    PendSV_Handler                           0x08000209   Thumb Code    88  port.o(.emb_text)
    vPortGetIPSR                             0x08000265   Thumb Code     6  port.o(.emb_text)
    Reset_Handler                            0x0800026d   Thumb Code     8  startup_stm32f411xe.o(.text)
    ADC_IRQHandler                           0x08000287   Thumb Code     0  startup_stm32f411xe.o(.text)
    DMA1_Stream0_IRQHandler                  0x08000287   Thumb Code     0  startup_stm32f411xe.o(.text)
    DMA1_Stream1_IRQHandler                  0x08000287   Thumb Code     0  startup_stm32f411xe.o(.text)
    DMA1_Stream2_IRQHandler                  0x08000287   Thumb Code     0  startup_stm32f411xe.o(.text)
    DMA1_Stream3_IRQHandler                  0x08000287   Thumb Code     0  startup_stm32f411xe.o(.text)
    DMA1_Stream4_IRQHandler                  0x08000287   Thumb Code     0  startup_stm32f411xe.o(.text)
    DMA1_Stream5_IRQHandler                  0x08000287   Thumb Code     0  startup_stm32f411xe.o(.text)
    DMA1_Stream6_IRQHandler                  0x08000287   Thumb Code     0  startup_stm32f411xe.o(.text)
    DMA1_Stream7_IRQHandler                  0x08000287   Thumb Code     0  startup_stm32f411xe.o(.text)
    DMA2_Stream0_IRQHandler                  0x08000287   Thumb Code     0  startup_stm32f411xe.o(.text)
    DMA2_Stream1_IRQHandler                  0x08000287   Thumb Code     0  startup_stm32f411xe.o(.text)
    DMA2_Stream2_IRQHandler                  0x08000287   Thumb Code     0  startup_stm32f411xe.o(.text)
    DMA2_Stream3_IRQHandler                  0x08000287   Thumb Code     0  startup_stm32f411xe.o(.text)
    DMA2_Stream4_IRQHandler                  0x08000287   Thumb Code     0  startup_stm32f411xe.o(.text)
    DMA2_Stream5_IRQHandler                  0x08000287   Thumb Code     0  startup_stm32f411xe.o(.text)
    DMA2_Stream6_IRQHandler                  0x08000287   Thumb Code     0  startup_stm32f411xe.o(.text)
    DMA2_Stream7_IRQHandler                  0x08000287   Thumb Code     0  startup_stm32f411xe.o(.text)
    EXTI0_IRQHandler                         0x08000287   Thumb Code     0  startup_stm32f411xe.o(.text)
    EXTI15_10_IRQHandler                     0x08000287   Thumb Code     0  startup_stm32f411xe.o(.text)
    EXTI1_IRQHandler                         0x08000287   Thumb Code     0  startup_stm32f411xe.o(.text)
    EXTI2_IRQHandler                         0x08000287   Thumb Code     0  startup_stm32f411xe.o(.text)
    EXTI3_IRQHandler                         0x08000287   Thumb Code     0  startup_stm32f411xe.o(.text)
    EXTI4_IRQHandler                         0x08000287   Thumb Code     0  startup_stm32f411xe.o(.text)
    EXTI9_5_IRQHandler                       0x08000287   Thumb Code     0  startup_stm32f411xe.o(.text)
    FLASH_IRQHandler                         0x08000287   Thumb Code     0  startup_stm32f411xe.o(.text)
    FPU_IRQHandler                           0x08000287   Thumb Code     0  startup_stm32f411xe.o(.text)
    I2C1_ER_IRQHandler                       0x08000287   Thumb Code     0  startup_stm32f411xe.o(.text)
    I2C1_EV_IRQHandler                       0x08000287   Thumb Code     0  startup_stm32f411xe.o(.text)
    I2C2_ER_IRQHandler                       0x08000287   Thumb Code     0  startup_stm32f411xe.o(.text)
    I2C2_EV_IRQHandler                       0x08000287   Thumb Code     0  startup_stm32f411xe.o(.text)
    I2C3_ER_IRQHandler                       0x08000287   Thumb Code     0  startup_stm32f411xe.o(.text)
    I2C3_EV_IRQHandler                       0x08000287   Thumb Code     0  startup_stm32f411xe.o(.text)
    OTG_FS_IRQHandler                        0x08000287   Thumb Code     0  startup_stm32f411xe.o(.text)
    OTG_FS_WKUP_IRQHandler                   0x08000287   Thumb Code     0  startup_stm32f411xe.o(.text)
    PVD_IRQHandler                           0x08000287   Thumb Code     0  startup_stm32f411xe.o(.text)
    RCC_IRQHandler                           0x08000287   Thumb Code     0  startup_stm32f411xe.o(.text)
    RTC_Alarm_IRQHandler                     0x08000287   Thumb Code     0  startup_stm32f411xe.o(.text)
    RTC_WKUP_IRQHandler                      0x08000287   Thumb Code     0  startup_stm32f411xe.o(.text)
    SDIO_IRQHandler                          0x08000287   Thumb Code     0  startup_stm32f411xe.o(.text)
    SPI1_IRQHandler                          0x08000287   Thumb Code     0  startup_stm32f411xe.o(.text)
    SPI2_IRQHandler                          0x08000287   Thumb Code     0  startup_stm32f411xe.o(.text)
    SPI3_IRQHandler                          0x08000287   Thumb Code     0  startup_stm32f411xe.o(.text)
    SPI4_IRQHandler                          0x08000287   Thumb Code     0  startup_stm32f411xe.o(.text)
    SPI5_IRQHandler                          0x08000287   Thumb Code     0  startup_stm32f411xe.o(.text)
    TAMP_STAMP_IRQHandler                    0x08000287   Thumb Code     0  startup_stm32f411xe.o(.text)
    TIM1_BRK_TIM9_IRQHandler                 0x08000287   Thumb Code     0  startup_stm32f411xe.o(.text)
    TIM1_CC_IRQHandler                       0x08000287   Thumb Code     0  startup_stm32f411xe.o(.text)
    TIM1_TRG_COM_TIM11_IRQHandler            0x08000287   Thumb Code     0  startup_stm32f411xe.o(.text)
    TIM2_IRQHandler                          0x08000287   Thumb Code     0  startup_stm32f411xe.o(.text)
    TIM3_IRQHandler                          0x08000287   Thumb Code     0  startup_stm32f411xe.o(.text)
    TIM4_IRQHandler                          0x08000287   Thumb Code     0  startup_stm32f411xe.o(.text)
    TIM5_IRQHandler                          0x08000287   Thumb Code     0  startup_stm32f411xe.o(.text)
    USART1_IRQHandler                        0x08000287   Thumb Code     0  startup_stm32f411xe.o(.text)
    USART2_IRQHandler                        0x08000287   Thumb Code     0  startup_stm32f411xe.o(.text)
    USART6_IRQHandler                        0x08000287   Thumb Code     0  startup_stm32f411xe.o(.text)
    WWDG_IRQHandler                          0x08000287   Thumb Code     0  startup_stm32f411xe.o(.text)
    __aeabi_uldivmod                         0x08000291   Thumb Code    98  uldiv.o(.text)
    __aeabi_memcpy                           0x080002f3   Thumb Code    36  memcpya.o(.text)
    __aeabi_memcpy4                          0x080002f3   Thumb Code     0  memcpya.o(.text)
    __aeabi_memcpy8                          0x080002f3   Thumb Code     0  memcpya.o(.text)
    __aeabi_memset                           0x08000317   Thumb Code    14  memseta.o(.text)
    __aeabi_memset4                          0x08000317   Thumb Code     0  memseta.o(.text)
    __aeabi_memset8                          0x08000317   Thumb Code     0  memseta.o(.text)
    __aeabi_memclr                           0x08000325   Thumb Code     4  memseta.o(.text)
    __aeabi_memclr4                          0x08000325   Thumb Code     0  memseta.o(.text)
    __aeabi_memclr8                          0x08000325   Thumb Code     0  memseta.o(.text)
    memset                                   0x08000329   Thumb Code    18  memseta.o(.text)
    __aeabi_llsl                             0x0800033b   Thumb Code    30  llshl.o(.text)
    _ll_shift_l                              0x0800033b   Thumb Code     0  llshl.o(.text)
    __aeabi_llsr                             0x08000359   Thumb Code    32  llushr.o(.text)
    _ll_ushift_r                             0x08000359   Thumb Code     0  llushr.o(.text)
    __scatterload                            0x08000379   Thumb Code    28  init.o(.text)
    __scatterload_rt2                        0x08000379   Thumb Code     0  init.o(.text)
    __decompress                             0x0800039d   Thumb Code     0  __dczerorl2.o(.text)
    __decompress1                            0x0800039d   Thumb Code    86  __dczerorl2.o(.text)
    BusFault_Handler                         0x080003f3   Thumb Code     2  stm32f4xx_it.o(i.BusFault_Handler)
    DebugMon_Handler                         0x080003f5   Thumb Code     2  stm32f4xx_it.o(i.DebugMon_Handler)
    Dijkstra                                 0x080003f9   Thumb Code   400  matric.o(i.Dijkstra)
    FindCards                                0x08000591   Thumb Code   140  rc522.o(i.FindCards)
    HAL_GPIO_Init                            0x0800061d   Thumb Code   370  stm32f4xx_hal_gpio.o(i.HAL_GPIO_Init)
    HAL_GPIO_WritePin                        0x080007b1   Thumb Code    10  stm32f4xx_hal_gpio.o(i.HAL_GPIO_WritePin)
    HAL_GetTick                              0x080007bd   Thumb Code     6  stm32f4xx_hal.o(i.HAL_GetTick)
    HAL_IncTick                              0x080007c9   Thumb Code    12  stm32f4xx_hal.o(i.HAL_IncTick)
    HAL_Init                                 0x080007d9   Thumb Code    48  stm32f4xx_hal.o(i.HAL_Init)
    HAL_InitTick                             0x0800080d   Thumb Code    98  stm32f4xx_hal_timebase_tim.o(i.HAL_InitTick)
    HAL_MspInit                              0x08000881   Thumb Code    52  stm32f4xx_hal_msp.o(i.HAL_MspInit)
    HAL_NVIC_EnableIRQ                       0x080008b9   Thumb Code    26  stm32f4xx_hal_cortex.o(i.HAL_NVIC_EnableIRQ)
    HAL_NVIC_SetPriority                     0x080008d5   Thumb Code    60  stm32f4xx_hal_cortex.o(i.HAL_NVIC_SetPriority)
    HAL_NVIC_SetPriorityGrouping             0x08000915   Thumb Code    26  stm32f4xx_hal_cortex.o(i.HAL_NVIC_SetPriorityGrouping)
    HAL_RCC_ClockConfig                      0x08000939   Thumb Code   288  stm32f4xx_hal_rcc.o(i.HAL_RCC_ClockConfig)
    HAL_RCC_GetClockConfig                   0x08000a6d   Thumb Code    54  stm32f4xx_hal_rcc.o(i.HAL_RCC_GetClockConfig)
    HAL_RCC_GetPCLK2Freq                     0x08000aad   Thumb Code    20  stm32f4xx_hal_rcc.o(i.HAL_RCC_GetPCLK2Freq)
    HAL_RCC_GetSysClockFreq                  0x08000acd   Thumb Code    88  stm32f4xx_hal_rcc.o(i.HAL_RCC_GetSysClockFreq)
    HAL_RCC_OscConfig                        0x08000b2d   Thumb Code   834  stm32f4xx_hal_rcc.o(i.HAL_RCC_OscConfig)
    HAL_SPI_Init                             0x08000e89   Thumb Code   128  stm32f4xx_hal_spi.o(i.HAL_SPI_Init)
    HAL_SPI_MspInit                          0x08000f09   Thumb Code    92  stm32f4xx_hal_msp.o(i.HAL_SPI_MspInit)
    HAL_SPI_TransmitReceive                  0x08000f71   Thumb Code   482  stm32f4xx_hal_spi.o(i.HAL_SPI_TransmitReceive)
    HAL_TIMEx_BreakCallback                  0x08001153   Thumb Code     2  stm32f4xx_hal_tim_ex.o(i.HAL_TIMEx_BreakCallback)
    HAL_TIMEx_CommutCallback                 0x08001155   Thumb Code     2  stm32f4xx_hal_tim_ex.o(i.HAL_TIMEx_CommutCallback)
    HAL_TIM_Base_Init                        0x08001157   Thumb Code    54  stm32f4xx_hal_tim.o(i.HAL_TIM_Base_Init)
    HAL_TIM_Base_MspInit                     0x0800118d   Thumb Code     2  stm32f4xx_hal_tim.o(i.HAL_TIM_Base_MspInit)
    HAL_TIM_Base_Start_IT                    0x0800118f   Thumb Code    34  stm32f4xx_hal_tim.o(i.HAL_TIM_Base_Start_IT)
    HAL_TIM_IC_CaptureCallback               0x080011b1   Thumb Code     2  stm32f4xx_hal_tim.o(i.HAL_TIM_IC_CaptureCallback)
    HAL_TIM_IRQHandler                       0x080011b3   Thumb Code   358  stm32f4xx_hal_tim.o(i.HAL_TIM_IRQHandler)
    HAL_TIM_OC_DelayElapsedCallback          0x08001319   Thumb Code     2  stm32f4xx_hal_tim.o(i.HAL_TIM_OC_DelayElapsedCallback)
    HAL_TIM_PWM_PulseFinishedCallback        0x0800131b   Thumb Code     2  stm32f4xx_hal_tim.o(i.HAL_TIM_PWM_PulseFinishedCallback)
    HAL_TIM_PeriodElapsedCallback            0x0800131d   Thumb Code    14  main.o(i.HAL_TIM_PeriodElapsedCallback)
    HAL_TIM_TriggerCallback                  0x08001331   Thumb Code     2  stm32f4xx_hal_tim.o(i.HAL_TIM_TriggerCallback)
    HardFault_Handler                        0x08001333   Thumb Code     2  stm32f4xx_it.o(i.HardFault_Handler)
    MFRC522_AntennaOn                        0x08001335   Thumb Code    26  rc522.o(i.MFRC522_AntennaOn)
    MFRC522_Anticoll                         0x0800134f   Thumb Code    66  rc522.o(i.MFRC522_Anticoll)
    MFRC522_CalculateCRC                     0x08001391   Thumb Code    94  rc522.o(i.MFRC522_CalculateCRC)
    MFRC522_Check                            0x080013ef   Thumb Code    32  rc522.o(i.MFRC522_Check)
    MFRC522_ClearBitMask                     0x0800140f   Thumb Code    24  rc522.o(i.MFRC522_ClearBitMask)
    MFRC522_Halt                             0x08001427   Thumb Code   102  rc522.o(i.MFRC522_Halt)
    MFRC522_Init                             0x0800148d   Thumb Code    74  rc522.o(i.MFRC522_Init)
    MFRC522_ReadRegister                     0x080014d7   Thumb Code    14  rc522.o(i.MFRC522_ReadRegister)
    MFRC522_Request                          0x080014e5   Thumb Code    18  rc522.o(i.MFRC522_Request)
    MFRC522_Reset                            0x080014f7   Thumb Code     8  rc522.o(i.MFRC522_Reset)
    MFRC522_SetBitMask                       0x080014ff   Thumb Code    24  rc522.o(i.MFRC522_SetBitMask)
    MFRC522_ToCard                           0x08001517   Thumb Code   274  rc522.o(i.MFRC522_ToCard)
    MFRC522_WriteRegister                    0x08001629   Thumb Code    10  rc522.o(i.MFRC522_WriteRegister)
    MemManage_Handler                        0x08001669   Thumb Code     2  stm32f4xx_it.o(i.MemManage_Handler)
    NMI_Handler                              0x0800166b   Thumb Code     2  stm32f4xx_it.o(i.NMI_Handler)
    PORTRC522_Init                           0x0800166d   Thumb Code    68  rc522.o(i.PORTRC522_Init)
    SPI1SendByte                             0x080016b9   Thumb Code    28  rc522.o(i.SPI1SendByte)
    SPI1_ReadReg                             0x080016d9   Thumb Code    44  rc522.o(i.SPI1_ReadReg)
    SPI1_WriteReg                            0x08001709   Thumb Code    44  rc522.o(i.SPI1_WriteReg)
    SysTick_Handler                          0x08001825   Thumb Code    38  port.o(i.SysTick_Handler)
    SystemClock_Config                       0x08001851   Thumb Code   124  main.o(i.SystemClock_Config)
    SystemInit                               0x080018d5   Thumb Code    22  system_stm32f4xx.o(i.SystemInit)
    TIM1_UP_TIM10_IRQHandler                 0x080018f1   Thumb Code     6  stm32f4xx_it.o(i.TIM1_UP_TIM10_IRQHandler)
    TIM_Base_SetConfig                       0x080018fd   Thumb Code   122  stm32f4xx_hal_tim.o(i.TIM_Base_SetConfig)
    Task_Check_RFID                          0x08001995   Thumb Code    74  main.o(i.Task_Check_RFID)
    Taskmove                                 0x080019e5   Thumb Code   216  main.o(i.Taskmove)
    TaskmoveBackward                         0x08001ac5   Thumb Code     6  main.o(i.TaskmoveBackward)
    TaskmoveForward                          0x08001acb   Thumb Code     6  main.o(i.TaskmoveForward)
    TaskmoveSidewaysLeft                     0x08001ad1   Thumb Code     6  main.o(i.TaskmoveSidewaysLeft)
    TaskmoveSidewaysRight                    0x08001ad7   Thumb Code     6  main.o(i.TaskmoveSidewaysRight)
    UsageFault_Handler                       0x08001add   Thumb Code     2  stm32f4xx_it.o(i.UsageFault_Handler)
    Wheel_GPIO_Init                          0x08001ae1   Thumb Code   168  wheel_init.o(i.Wheel_GPIO_Init)
    __scatterload_copy                       0x08001bb9   Thumb Code    14  handlers.o(i.__scatterload_copy)
    __scatterload_null                       0x08001bc7   Thumb Code     2  handlers.o(i.__scatterload_null)
    __scatterload_zeroinit                   0x08001bc9   Thumb Code    14  handlers.o(i.__scatterload_zeroinit)
    calculator_Dijkstra                      0x08001bd9   Thumb Code    98  main.o(i.calculator_Dijkstra)
    led_DIR_circle                           0x08001c45   Thumb Code   162  main.o(i.led_DIR_circle)
    main                                     0x08001ced   Thumb Code   210  main.o(i.main)
    moveBackward                             0x08001dd5   Thumb Code   188  wheel_init.o(i.moveBackward)
    moveForward                              0x08001e9d   Thumb Code   182  wheel_init.o(i.moveForward)
    moveSidewaysLeft                         0x08001f61   Thumb Code   190  wheel_init.o(i.moveSidewaysLeft)
    moveSidewaysRight                        0x0800202d   Thumb Code   188  wheel_init.o(i.moveSidewaysRight)
    osDelay                                  0x080020f5   Thumb Code    14  cmsis_os.o(i.osDelay)
    osKernelStart                            0x08002103   Thumb Code    10  cmsis_os.o(i.osKernelStart)
    osThreadCreate                           0x0800210d   Thumb Code    84  cmsis_os.o(i.osThreadCreate)
    pvPortMalloc                             0x080024d9   Thumb Code   210  heap_4.o(i.pvPortMalloc)
    pxPortInitialiseStack                    0x080025b1   Thumb Code    40  port.o(i.pxPortInitialiseStack)
    uxListRemove                             0x080025dd   Thumb Code    38  list.o(i.uxListRemove)
    vApplicationGetIdleTaskMemory            0x08002605   Thumb Code    16  freertos.o(i.vApplicationGetIdleTaskMemory)
    vListInitialise                          0x08002619   Thumb Code    22  list.o(i.vListInitialise)
    vListInitialiseItem                      0x0800262f   Thumb Code     6  list.o(i.vListInitialiseItem)
    vListInsert                              0x08002635   Thumb Code    48  list.o(i.vListInsert)
    vListInsertEnd                           0x08002665   Thumb Code    24  list.o(i.vListInsertEnd)
    vPortEnterCritical                       0x0800267d   Thumb Code    54  port.o(i.vPortEnterCritical)
    vPortExitCritical                        0x080026bd   Thumb Code    34  port.o(i.vPortExitCritical)
    vPortFree                                0x080026e5   Thumb Code    88  heap_4.o(i.vPortFree)
    vPortSetupTimerInterrupt                 0x08002741   Thumb Code    32  port.o(i.vPortSetupTimerInterrupt)
    vTaskDelay                               0x08002765   Thumb Code    66  tasks.o(i.vTaskDelay)
    vTaskResume                              0x080027b1   Thumb Code   112  tasks.o(i.vTaskResume)
    vTaskStartScheduler                      0x0800282d   Thumb Code    90  tasks.o(i.vTaskStartScheduler)
    vTaskSuspend                             0x08002899   Thumb Code   174  tasks.o(i.vTaskSuspend)
    vTaskSuspendAll                          0x08002955   Thumb Code    10  tasks.o(i.vTaskSuspendAll)
    vTaskSwitchContext                       0x08002965   Thumb Code    82  tasks.o(i.vTaskSwitchContext)
    xPortStartScheduler                      0x080029c1   Thumb Code   222  port.o(i.xPortStartScheduler)
    xTaskCreate                              0x08002ab5   Thumb Code    90  tasks.o(i.xTaskCreate)
    xTaskCreateStatic                        0x08002b0f   Thumb Code    86  tasks.o(i.xTaskCreateStatic)
    xTaskIncrementTick                       0x08002b65   Thumb Code   192  tasks.o(i.xTaskIncrementTick)
    xTaskResumeAll                           0x08002c2d   Thumb Code   182  tasks.o(i.xTaskResumeAll)
    AHBPrescTable                            0x08002dcd   Data          16  system_stm32f4xx.o(.constdata)
    APBPrescTable                            0x08002ddd   Data           8  system_stm32f4xx.o(.constdata)
    Region$$Table$$Base                      0x08002e94   Number         0  anon$$obj.o(Region$$Table)
    Region$$Table$$Limit                     0x08002eb4   Number         0  anon$$obj.o(Region$$Table)
    Task_Check_RFID_Handle                   0x20000000   Data           4  main.o(.data)
    calculator_Dijkstra_Handle               0x20000004   Data           4  main.o(.data)
    TaskmoveForward_Handle                   0x20000008   Data           4  main.o(.data)
    TaskmoveBackward_Handle                  0x2000000c   Data           4  main.o(.data)
    TaskmoveSidewaysLeft_Handle              0x20000010   Data           4  main.o(.data)
    TaskmoveSidewaysRight_Handle             0x20000014   Data           4  main.o(.data)
    Taskmove_Handle                          0x20000018   Data           4  main.o(.data)
    ID                                       0x20000020   Data           8  main.o(.data)
    G                                        0x200000f0   Data        2500  matric.o(.data)
    uwTickFreq                               0x20000ab4   Data           1  stm32f4xx_hal.o(.data)
    uwTickPrio                               0x20000ab8   Data           4  stm32f4xx_hal.o(.data)
    uwTick                                   0x20000abc   Data           4  stm32f4xx_hal.o(.data)
    SystemCoreClock                          0x20000ac0   Data           4  system_stm32f4xx.o(.data)
    pxCurrentTCB                             0x20000ac4   Data           4  tasks.o(.data)
    hspi1                                    0x20000b24   Data          88  main.o(.bss)
    List_Move                                0x20000b7c   Data          76  main.o(.bss)
    htim10                                   0x20000e1c   Data          64  stm32f4xx_hal_timebase_tim.o(.bss)
    __initial_sp                             0x20004f50   Data           0  startup_stm32f411xe.o(STACK)



==============================================================================

Memory Map of the image

  Image Entry point : 0x08000199

  Load Region LR_IROM1 (Base: 0x08000000, Size: 0x000039d8, Max: 0x00080000, ABSOLUTE, COMPRESSED[0x00002fac])

    Execution Region ER_IROM1 (Exec base: 0x08000000, Load base: 0x08000000, Size: 0x00002eb4, Max: 0x00080000, ABSOLUTE)

    Exec Addr    Load Addr    Size         Type   Attr      Idx    E Section Name        Object

    0x08000000   0x08000000   0x00000198   Data   RO            3    RESET               startup_stm32f411xe.o
    0x08000198   0x08000198   0x00000000   Code   RO         4466  * .ARM.Collect$$$$00000000  mc_w.l(entry.o)
    0x08000198   0x08000198   0x00000004   Code   RO         4479    .ARM.Collect$$$$00000001  mc_w.l(entry2.o)
    0x0800019c   0x0800019c   0x00000004   Code   RO         4482    .ARM.Collect$$$$00000004  mc_w.l(entry5.o)
    0x080001a0   0x080001a0   0x00000000   Code   RO         4484    .ARM.Collect$$$$00000008  mc_w.l(entry7b.o)
    0x080001a0   0x080001a0   0x00000000   Code   RO         4486    .ARM.Collect$$$$0000000A  mc_w.l(entry8b.o)
    0x080001a0   0x080001a0   0x00000008   Code   RO         4487    .ARM.Collect$$$$0000000B  mc_w.l(entry9a.o)
    0x080001a8   0x080001a8   0x00000000   Code   RO         4489    .ARM.Collect$$$$0000000D  mc_w.l(entry10a.o)
    0x080001a8   0x080001a8   0x00000000   Code   RO         4491    .ARM.Collect$$$$0000000F  mc_w.l(entry11a.o)
    0x080001a8   0x080001a8   0x00000004   Code   RO         4480    .ARM.Collect$$$$00002712  mc_w.l(entry2.o)
    0x080001ac   0x080001ac   0x000000be   Code   RO         4389    .emb_text           port.o
    0x0800026a   0x0800026a   0x00000002   PAD
    0x0800026c   0x0800026c   0x00000024   Code   RO            4    .text               startup_stm32f411xe.o
    0x08000290   0x08000290   0x00000062   Code   RO         4469    .text               mc_w.l(uldiv.o)
    0x080002f2   0x080002f2   0x00000024   Code   RO         4471    .text               mc_w.l(memcpya.o)
    0x08000316   0x08000316   0x00000024   Code   RO         4475    .text               mc_w.l(memseta.o)
    0x0800033a   0x0800033a   0x0000001e   Code   RO         4493    .text               mc_w.l(llshl.o)
    0x08000358   0x08000358   0x00000020   Code   RO         4495    .text               mc_w.l(llushr.o)
    0x08000378   0x08000378   0x00000024   Code   RO         4497    .text               mc_w.l(init.o)
    0x0800039c   0x0800039c   0x00000056   Code   RO         4507    .text               mc_w.l(__dczerorl2.o)
    0x080003f2   0x080003f2   0x00000002   Code   RO          537    i.BusFault_Handler  stm32f4xx_it.o
    0x080003f4   0x080003f4   0x00000002   Code   RO          538    i.DebugMon_Handler  stm32f4xx_it.o
    0x080003f6   0x080003f6   0x00000002   PAD
    0x080003f8   0x080003f8   0x00000198   Code   RO          676    i.Dijkstra          matric.o
    0x08000590   0x08000590   0x0000008c   Code   RO           13    i.FindCards         rc522.o
    0x0800061c   0x0800061c   0x00000194   Code   RO         2363    i.HAL_GPIO_Init     stm32f4xx_hal_gpio.o
    0x080007b0   0x080007b0   0x0000000a   Code   RO         2367    i.HAL_GPIO_WritePin  stm32f4xx_hal_gpio.o
    0x080007ba   0x080007ba   0x00000002   PAD
    0x080007bc   0x080007bc   0x0000000c   Code   RO         2919    i.HAL_GetTick       stm32f4xx_hal.o
    0x080007c8   0x080007c8   0x00000010   Code   RO         2925    i.HAL_IncTick       stm32f4xx_hal.o
    0x080007d8   0x080007d8   0x00000034   Code   RO         2926    i.HAL_Init          stm32f4xx_hal.o
    0x0800080c   0x0800080c   0x00000074   Code   RO          637    i.HAL_InitTick      stm32f4xx_hal_timebase_tim.o
    0x08000880   0x08000880   0x00000038   Code   RO          601    i.HAL_MspInit       stm32f4xx_hal_msp.o
    0x080008b8   0x080008b8   0x0000001a   Code   RO         2776    i.HAL_NVIC_EnableIRQ  stm32f4xx_hal_cortex.o
    0x080008d2   0x080008d2   0x00000002   PAD
    0x080008d4   0x080008d4   0x00000040   Code   RO         2782    i.HAL_NVIC_SetPriority  stm32f4xx_hal_cortex.o
    0x08000914   0x08000914   0x00000024   Code   RO         2783    i.HAL_NVIC_SetPriorityGrouping  stm32f4xx_hal_cortex.o
    0x08000938   0x08000938   0x00000134   Code   RO         1955    i.HAL_RCC_ClockConfig  stm32f4xx_hal_rcc.o
    0x08000a6c   0x08000a6c   0x00000040   Code   RO         1959    i.HAL_RCC_GetClockConfig  stm32f4xx_hal_rcc.o
    0x08000aac   0x08000aac   0x00000020   Code   RO         1963    i.HAL_RCC_GetPCLK2Freq  stm32f4xx_hal_rcc.o
    0x08000acc   0x08000acc   0x00000060   Code   RO         1964    i.HAL_RCC_GetSysClockFreq  stm32f4xx_hal_rcc.o
    0x08000b2c   0x08000b2c   0x0000035c   Code   RO         1967    i.HAL_RCC_OscConfig  stm32f4xx_hal_rcc.o
    0x08000e88   0x08000e88   0x00000080   Code   RO          715    i.HAL_SPI_Init      stm32f4xx_hal_spi.o
    0x08000f08   0x08000f08   0x00000068   Code   RO          603    i.HAL_SPI_MspInit   stm32f4xx_hal_msp.o
    0x08000f70   0x08000f70   0x000001e2   Code   RO          724    i.HAL_SPI_TransmitReceive  stm32f4xx_hal_spi.o
    0x08001152   0x08001152   0x00000002   Code   RO         1703    i.HAL_TIMEx_BreakCallback  stm32f4xx_hal_tim_ex.o
    0x08001154   0x08001154   0x00000002   Code   RO         1704    i.HAL_TIMEx_CommutCallback  stm32f4xx_hal_tim_ex.o
    0x08001156   0x08001156   0x00000036   Code   RO         1028    i.HAL_TIM_Base_Init  stm32f4xx_hal_tim.o
    0x0800118c   0x0800118c   0x00000002   Code   RO         1030    i.HAL_TIM_Base_MspInit  stm32f4xx_hal_tim.o
    0x0800118e   0x0800118e   0x00000022   Code   RO         1033    i.HAL_TIM_Base_Start_IT  stm32f4xx_hal_tim.o
    0x080011b0   0x080011b0   0x00000002   Code   RO         1057    i.HAL_TIM_IC_CaptureCallback  stm32f4xx_hal_tim.o
    0x080011b2   0x080011b2   0x00000166   Code   RO         1071    i.HAL_TIM_IRQHandler  stm32f4xx_hal_tim.o
    0x08001318   0x08001318   0x00000002   Code   RO         1074    i.HAL_TIM_OC_DelayElapsedCallback  stm32f4xx_hal_tim.o
    0x0800131a   0x0800131a   0x00000002   Code   RO         1101    i.HAL_TIM_PWM_PulseFinishedCallback  stm32f4xx_hal_tim.o
    0x0800131c   0x0800131c   0x00000014   Code   RO          396    i.HAL_TIM_PeriodElapsedCallback  main.o
    0x08001330   0x08001330   0x00000002   Code   RO         1114    i.HAL_TIM_TriggerCallback  stm32f4xx_hal_tim.o
    0x08001332   0x08001332   0x00000002   Code   RO          539    i.HardFault_Handler  stm32f4xx_it.o
    0x08001334   0x08001334   0x0000001a   Code   RO           15    i.MFRC522_AntennaOn  rc522.o
    0x0800134e   0x0800134e   0x00000042   Code   RO           16    i.MFRC522_Anticoll  rc522.o
    0x08001390   0x08001390   0x0000005e   Code   RO           18    i.MFRC522_CalculateCRC  rc522.o
    0x080013ee   0x080013ee   0x00000020   Code   RO           19    i.MFRC522_Check     rc522.o
    0x0800140e   0x0800140e   0x00000018   Code   RO           20    i.MFRC522_ClearBitMask  rc522.o
    0x08001426   0x08001426   0x00000066   Code   RO           22    i.MFRC522_Halt      rc522.o
    0x0800148c   0x0800148c   0x0000004a   Code   RO           23    i.MFRC522_Init      rc522.o
    0x080014d6   0x080014d6   0x0000000e   Code   RO           25    i.MFRC522_ReadRegister  rc522.o
    0x080014e4   0x080014e4   0x00000012   Code   RO           26    i.MFRC522_Request   rc522.o
    0x080014f6   0x080014f6   0x00000008   Code   RO           27    i.MFRC522_Reset     rc522.o
    0x080014fe   0x080014fe   0x00000018   Code   RO           29    i.MFRC522_SetBitMask  rc522.o
    0x08001516   0x08001516   0x00000112   Code   RO           30    i.MFRC522_ToCard    rc522.o
    0x08001628   0x08001628   0x0000000a   Code   RO           32    i.MFRC522_WriteRegister  rc522.o
    0x08001632   0x08001632   0x00000002   PAD
    0x08001634   0x08001634   0x00000034   Code   RO          397    i.MX_SPI1_Init      main.o
    0x08001668   0x08001668   0x00000002   Code   RO          540    i.MemManage_Handler  stm32f4xx_it.o
    0x0800166a   0x0800166a   0x00000002   Code   RO          541    i.NMI_Handler       stm32f4xx_it.o
    0x0800166c   0x0800166c   0x0000004c   Code   RO           33    i.PORTRC522_Init    rc522.o
    0x080016b8   0x080016b8   0x00000020   Code   RO           34    i.SPI1SendByte      rc522.o
    0x080016d8   0x080016d8   0x00000030   Code   RO           35    i.SPI1_ReadReg      rc522.o
    0x08001708   0x08001708   0x00000030   Code   RO           36    i.SPI1_WriteReg     rc522.o
    0x08001738   0x08001738   0x00000058   Code   RO          753    i.SPI_EndRxTxTransaction  stm32f4xx_hal_spi.o
    0x08001790   0x08001790   0x00000094   Code   RO          758    i.SPI_WaitFlagStateUntilTimeout  stm32f4xx_hal_spi.o
    0x08001824   0x08001824   0x0000002c   Code   RO         4390    i.SysTick_Handler   port.o
    0x08001850   0x08001850   0x00000084   Code   RO          398    i.SystemClock_Config  main.o
    0x080018d4   0x080018d4   0x0000001c   Code   RO         3165    i.SystemInit        system_stm32f4xx.o
    0x080018f0   0x080018f0   0x0000000c   Code   RO          542    i.TIM1_UP_TIM10_IRQHandler  stm32f4xx_it.o
    0x080018fc   0x080018fc   0x00000098   Code   RO         1116    i.TIM_Base_SetConfig  stm32f4xx_hal_tim.o
    0x08001994   0x08001994   0x00000050   Code   RO          399    i.Task_Check_RFID   main.o
    0x080019e4   0x080019e4   0x000000e0   Code   RO          400    i.Taskmove          main.o
    0x08001ac4   0x08001ac4   0x00000006   Code   RO          401    i.TaskmoveBackward  main.o
    0x08001aca   0x08001aca   0x00000006   Code   RO          402    i.TaskmoveForward   main.o
    0x08001ad0   0x08001ad0   0x00000006   Code   RO          403    i.TaskmoveSidewaysLeft  main.o
    0x08001ad6   0x08001ad6   0x00000006   Code   RO          404    i.TaskmoveSidewaysRight  main.o
    0x08001adc   0x08001adc   0x00000002   Code   RO          543    i.UsageFault_Handler  stm32f4xx_it.o
    0x08001ade   0x08001ade   0x00000002   PAD
    0x08001ae0   0x08001ae0   0x000000b8   Code   RO          266    i.Wheel_GPIO_Init   wheel_init.o
    0x08001b98   0x08001b98   0x00000020   Code   RO         2789    i.__NVIC_SetPriority  stm32f4xx_hal_cortex.o
    0x08001bb8   0x08001bb8   0x0000000e   Code   RO         4501    i.__scatterload_copy  mc_w.l(handlers.o)
    0x08001bc6   0x08001bc6   0x00000002   Code   RO         4502    i.__scatterload_null  mc_w.l(handlers.o)
    0x08001bc8   0x08001bc8   0x0000000e   Code   RO         4503    i.__scatterload_zeroinit  mc_w.l(handlers.o)
    0x08001bd6   0x08001bd6   0x00000002   PAD
    0x08001bd8   0x08001bd8   0x0000006c   Code   RO          405    i.calculator_Dijkstra  main.o
    0x08001c44   0x08001c44   0x000000a8   Code   RO          406    i.led_DIR_circle    main.o
    0x08001cec   0x08001cec   0x000000dc   Code   RO          407    i.main              main.o
    0x08001dc8   0x08001dc8   0x0000000c   Code   RO         3961    i.makeFreeRtosPriority  cmsis_os.o
    0x08001dd4   0x08001dd4   0x000000c8   Code   RO          268    i.moveBackward      wheel_init.o
    0x08001e9c   0x08001e9c   0x000000c4   Code   RO          269    i.moveForward       wheel_init.o
    0x08001f60   0x08001f60   0x000000cc   Code   RO          274    i.moveSidewaysLeft  wheel_init.o
    0x0800202c   0x0800202c   0x000000c8   Code   RO          275    i.moveSidewaysRight  wheel_init.o
    0x080020f4   0x080020f4   0x0000000e   Code   RO         3963    i.osDelay           cmsis_os.o
    0x08002102   0x08002102   0x0000000a   Code   RO         3966    i.osKernelStart     cmsis_os.o
    0x0800210c   0x0800210c   0x00000054   Code   RO         4000    i.osThreadCreate    cmsis_os.o
    0x08002160   0x08002160   0x00000070   Code   RO         3658    i.prvAddCurrentTaskToDelayedList  tasks.o
    0x080021d0   0x080021d0   0x000000d0   Code   RO         3659    i.prvAddNewTaskToReadyList  tasks.o
    0x080022a0   0x080022a0   0x00000034   Code   RO         3660    i.prvDeleteTCB      tasks.o
    0x080022d4   0x080022d4   0x0000004c   Code   RO         4328    i.prvHeapInit       heap_4.o
    0x08002320   0x08002320   0x00000060   Code   RO         3661    i.prvIdleTask       tasks.o
    0x08002380   0x08002380   0x0000008e   Code   RO         3662    i.prvInitialiseNewTask  tasks.o
    0x0800240e   0x0800240e   0x00000002   PAD
    0x08002410   0x08002410   0x0000004c   Code   RO         4329    i.prvInsertBlockIntoFreeList  heap_4.o
    0x0800245c   0x0800245c   0x00000020   Code   RO         3663    i.prvResetNextTaskUnblockTime  tasks.o
    0x0800247c   0x0800247c   0x00000028   Code   RO         4391    i.prvTaskExitError  port.o
    0x080024a4   0x080024a4   0x00000034   Code   RO         3664    i.prvTaskIsTaskSuspended  tasks.o
    0x080024d8   0x080024d8   0x000000d8   Code   RO         4330    i.pvPortMalloc      heap_4.o
    0x080025b0   0x080025b0   0x0000002c   Code   RO         4392    i.pxPortInitialiseStack  port.o
    0x080025dc   0x080025dc   0x00000026   Code   RO         3303    i.uxListRemove      list.o
    0x08002602   0x08002602   0x00000002   PAD
    0x08002604   0x08002604   0x00000014   Code   RO          503    i.vApplicationGetIdleTaskMemory  freertos.o
    0x08002618   0x08002618   0x00000016   Code   RO         3304    i.vListInitialise   list.o
    0x0800262e   0x0800262e   0x00000006   Code   RO         3305    i.vListInitialiseItem  list.o
    0x08002634   0x08002634   0x00000030   Code   RO         3306    i.vListInsert       list.o
    0x08002664   0x08002664   0x00000018   Code   RO         3307    i.vListInsertEnd    list.o
    0x0800267c   0x0800267c   0x00000040   Code   RO         4394    i.vPortEnterCritical  port.o
    0x080026bc   0x080026bc   0x00000028   Code   RO         4395    i.vPortExitCritical  port.o
    0x080026e4   0x080026e4   0x0000005c   Code   RO         4331    i.vPortFree         heap_4.o
    0x08002740   0x08002740   0x00000024   Code   RO         4396    i.vPortSetupTimerInterrupt  port.o
    0x08002764   0x08002764   0x0000004c   Code   RO         3671    i.vTaskDelay        tasks.o
    0x080027b0   0x080027b0   0x0000007c   Code   RO         3682    i.vTaskResume       tasks.o
    0x0800282c   0x0800282c   0x0000006c   Code   RO         3684    i.vTaskStartScheduler  tasks.o
    0x08002898   0x08002898   0x000000bc   Code   RO         3685    i.vTaskSuspend      tasks.o
    0x08002954   0x08002954   0x00000010   Code   RO         3686    i.vTaskSuspendAll   tasks.o
    0x08002964   0x08002964   0x0000005c   Code   RO         3687    i.vTaskSwitchContext  tasks.o
    0x080029c0   0x080029c0   0x000000f4   Code   RO         4398    i.xPortStartScheduler  port.o
    0x08002ab4   0x08002ab4   0x0000005a   Code   RO         3689    i.xTaskCreate       tasks.o
    0x08002b0e   0x08002b0e   0x00000056   Code   RO         3690    i.xTaskCreateStatic  tasks.o
    0x08002b64   0x08002b64   0x000000c8   Code   RO         3697    i.xTaskIncrementTick  tasks.o
    0x08002c2c   0x08002c2c   0x000000c4   Code   RO         3703    i.xTaskResumeAll    tasks.o
    0x08002cf0   0x08002cf0   0x000000c4   Data   RO          409    .constdata          main.o
    0x08002db4   0x08002db4   0x00000019   Data   RO          677    .constdata          matric.o
    0x08002dcd   0x08002dcd   0x00000010   Data   RO         3166    .constdata          system_stm32f4xx.o
    0x08002ddd   0x08002ddd   0x00000008   Data   RO         3167    .constdata          system_stm32f4xx.o
    0x08002de5   0x08002de5   0x00000003   PAD
    0x08002de8   0x08002de8   0x000000ab   Data   RO          410    .conststring        main.o
    0x08002e93   0x08002e93   0x00000001   PAD
    0x08002e94   0x08002e94   0x00000020   Data   RO         4499    Region$$Table       anon$$obj.o


    Execution Region RW_IRAM1 (Exec base: 0x20000000, Load base: 0x08002eb4, Size: 0x00004f50, Max: 0x00020000, ABSOLUTE, COMPRESSED[0x000000f8])

    Exec Addr    Load Addr    Size         Type   Attr      Idx    E Section Name        Object

    0x20000000   COMPRESSED   0x000000f0   Data   RW          411    .data               main.o
    0x200000f0   COMPRESSED   0x000009c4   Data   RW          678    .data               matric.o
    0x20000ab4   COMPRESSED   0x0000000c   Data   RW         2933    .data               stm32f4xx_hal.o
    0x20000ac0   COMPRESSED   0x00000004   Data   RW         3168    .data               system_stm32f4xx.o
    0x20000ac4   COMPRESSED   0x0000003c   Data   RW         3706    .data               tasks.o
    0x20000b00   COMPRESSED   0x00000018   Data   RW         4336    .data               heap_4.o
    0x20000b18   COMPRESSED   0x0000000c   Data   RW         4399    .data               port.o
    0x20000b24        -       0x000000a4   Zero   RW          408    .bss                main.o
    0x20000bc8        -       0x00000254   Zero   RW          504    .bss                freertos.o
    0x20000e1c        -       0x00000040   Zero   RW          640    .bss                stm32f4xx_hal_timebase_tim.o
    0x20000e5c        -       0x000000f0   Zero   RW         3705    .bss                tasks.o
    0x20000f4c        -       0x00003c00   Zero   RW         4335    .bss                heap_4.o
    0x20004b4c   COMPRESSED   0x00000004   PAD
    0x20004b50        -       0x00000400   Zero   RW            1    STACK               startup_stm32f411xe.o


==============================================================================

Image component sizes


      Code (inc. data)   RO Data    RW Data    ZI Data      Debug   Object Name

       120          0          0          0          0      22685   cmsis_os.o
         0          0          0          0          0      18240   event_groups.o
        20          4          0          0        596       1292   freertos.o
       460         24          0         24      15360       7527   heap_4.o
       138          0          0          0          0       3718   list.o
      1028         62        367        240        164      13278   main.o
       408          8         25       2500          0       2119   matric.o
       702         72          0         12          0      11396   port.o
      1110         20          0          0          0     427237   rc522.o
        36          8        408          0       1024        884   startup_stm32f411xe.o
        80         14          0         12          0       8110   stm32f4xx_hal.o
       158         14          0          0          0      33302   stm32f4xx_hal_cortex.o
       414         34          0          0          0       2460   stm32f4xx_hal_gpio.o
       160         16          0          0          0       1632   stm32f4xx_hal_msp.o
      1360         76          0          0          0       5462   stm32f4xx_hal_rcc.o
       846          8          0          0          0       4881   stm32f4xx_hal_spi.o
       608         30          0          0          0       7508   stm32f4xx_hal_tim.o
         4          0          0          0          0       1685   stm32f4xx_hal_tim_ex.o
       116         18          0          0         64       1484   stm32f4xx_hal_timebase_tim.o
        24          6          0          0          0       3412   stm32f4xx_it.o
         0          0          0          0          0        392   stream_buffer.o
        28          6         24          4          0       1215   system_stm32f4xx.o
      1870        140          0         60        240      19691   tasks.o
       984         68          0          0          0      29846   wheel_init.o

    ----------------------------------------------------------------------
     10690        628        860       2852      17452     629456   Object Totals
         0          0         32          0          0          0   (incl. Generated)
        16          0          4          0          4          0   (incl. Padding)

    ----------------------------------------------------------------------

      Code (inc. data)   RO Data    RW Data    ZI Data      Debug   Library Member Name

        86          0          0          0          0          0   __dczerorl2.o
         0          0          0          0          0          0   entry.o
         0          0          0          0          0          0   entry10a.o
         0          0          0          0          0          0   entry11a.o
         8          4          0          0          0          0   entry2.o
         4          0          0          0          0          0   entry5.o
         0          0          0          0          0          0   entry7b.o
         0          0          0          0          0          0   entry8b.o
         8          4          0          0          0          0   entry9a.o
        30          0          0          0          0          0   handlers.o
        36          8          0          0          0         68   init.o
        30          0          0          0          0         68   llshl.o
        32          0          0          0          0         68   llushr.o
        36          0          0          0          0         68   memcpya.o
        36          0          0          0          0        108   memseta.o
        98          0          0          0          0         92   uldiv.o

    ----------------------------------------------------------------------
       406         16          0          0          0        472   Library Totals
         2          0          0          0          0          0   (incl. Padding)

    ----------------------------------------------------------------------

      Code (inc. data)   RO Data    RW Data    ZI Data      Debug   Library Name

       404         16          0          0          0        472   mc_w.l

    ----------------------------------------------------------------------
       406         16          0          0          0        472   Library Totals

    ----------------------------------------------------------------------

==============================================================================


      Code (inc. data)   RO Data    RW Data    ZI Data      Debug   

     11096        644        860       2852      17452     619156   Grand Totals
     11096        644        860        248      17452     619156   ELF Image Totals (compressed)
     11096        644        860        248          0          0   ROM Totals

==============================================================================

    Total RO  Size (Code + RO Data)                11956 (  11.68kB)
    Total RW  Size (RW Data + ZI Data)             20304 (  19.83kB)
    Total ROM Size (Code + RO Data + RW Data)      12204 (  11.92kB)

==============================================================================

