<html>
<body>
<pre>
<h1>µVision Build Log</h1>
<h2>Tool Versions:</h2>
IDE-Version: µVision V5.29.0.0
Copyright (C) 2019 ARM Ltd and ARM Germany GmbH. All rights reserved.
License Information: Huy Huy, Huy, LIC=GMZII-TDVGY-NNNAF-67S5T-YVSY4-LK1SN
 
Tool Versions:
Toolchain:       MDK-ARM Plus  Version: 5.29.0.0
Toolchain Path:  C:\Keil_v5\ARM\ARMCC\Bin
C Compiler:      Armcc.exe V5.06 update 6 (build 750)
Assembler:       Armasm.exe V5.06 update 6 (build 750)
Linker/Locator:  ArmLink.exe V5.06 update 6 (build 750)
Library Manager: ArmAr.exe V5.06 update 6 (build 750)
Hex Converter:   FromElf.exe V5.06 update 6 (build 750)
CPU DLL:         SARMCM3.DLL V5.29.0.0
Dialog DLL:      DCM.DLL V1.17.3.0
Target DLL:      STLink\ST-LINKIII-KEIL_SWO.dll V3.0.7.0
Dialog DLL:      TCM.DLL V1.36.5.0
 
<h2>Project:</h2>
C:\Users\Administrator\Documents\GitHub\STM32-Discovery\STM32 V6\MDK-ARM\STM32 V6.uvprojx
Project File Date:  04/01/2020

<h2>Output:</h2>
*** Using Compiler 'V5.06 update 6 (build 750)', folder: 'C:\Keil_v5\ARM\ARMCC\Bin'
Build target 'STM32 V6'
compiling main.c...
../Src/main.c(191): warning:  #167-D: argument of type "uint8_t *" is incompatible with parameter of type "char *restrict"
    sprintf(bufRX, "      ");
../Src/main.c(202): warning:  #167-D: argument of type "uint8_t *" is incompatible with parameter of type "const char *"
    } while (strcmp(bufRX, a));
../Src/main.c(215): warning:  #167-D: argument of type "uint8_t *" is incompatible with parameter of type "char *restrict"
    sprintf(bufTX, "OK!");
../Src/main.c(229): warning:  #167-D: argument of type "uint8_t *" is incompatible with parameter of type "char *restrict"
        sprintf(bufTX, "Start");
../Src/main.c(278): warning:  #167-D: argument of type "uint8_t *" is incompatible with parameter of type "char *restrict"
            sprintf(bufTX, "%d:%d", i, j);
../Src/main.c(307): warning:  #167-D: argument of type "uint8_t *" is incompatible with parameter of type "char *restrict"
            sprintf(bufTX, "%d:%d", List_Move.x[List_Move.Length_way], List_Move.y[List_Move.Length_way]);
../Src/main.c(321): warning:  #167-D: argument of type "uint8_t *" is incompatible with parameter of type "char *restrict"
            sprintf(bufTX, "%d:%d", List_Move.x[List_Move.Length_way], List_Move.y[List_Move.Length_way]);
../Src/main.c(335): warning:  #167-D: argument of type "uint8_t *" is incompatible with parameter of type "char *restrict"
            sprintf(bufTX, "%d:%d", List_Move.x[List_Move.Length_way], List_Move.y[List_Move.Length_way]);
../Src/main.c(349): warning:  #167-D: argument of type "uint8_t *" is incompatible with parameter of type "char *restrict"
            sprintf(bufTX, "%d:%d", List_Move.x[List_Move.Length_way], List_Move.y[List_Move.Length_way]);
../Src/main.c(369): warning:  #167-D: argument of type "uint8_t *" is incompatible with parameter of type "char *restrict"
            sprintf(bufTX, "Stop");
../Src/main.c(385): warning:  #69-D: integer conversion resulted in truncation
        led_DIR_circle(22, 500);
../Src/main.c(386): warning:  #167-D: argument of type "uint8_t *" is incompatible with parameter of type "char *restrict"
        sprintf(bufTX, "Stop");
../Src/main.c: 12 warnings, 0 errors
linking...
Program Size: Code=13456 RO-data=928 RW-data=2868 ZI-data=17540  
FromELF: creating hex file...
"STM32 V6\STM32 V6.axf" - 0 Error(s), 12 Warning(s).

<h2>Software Packages used:</h2>

Package Vendor: ARM
                http://www.keil.com/pack/ARM.CMSIS.5.6.0.pack
                ARM.CMSIS.5.6.0
                CMSIS (Cortex Microcontroller Software Interface Standard)
   * Component: CORE Version: 5.3.0

Package Vendor: Keil
                http://www.keil.com/pack/Keil.STM32F4xx_DFP.2.14.0.pack
                Keil.STM32F4xx_DFP.2.14.0
                STMicroelectronics STM32F4 Series Device Support, Drivers and Examples

<h2>Collection of Component include folders:</h2>
  .\RTE\_STM32_V6
  C:\Users\Administrator\AppData\Local\Arm\Packs\ARM\CMSIS\5.6.0\CMSIS\Core\Include
  C:\Users\Administrator\AppData\Local\Arm\Packs\Keil\STM32F4xx_DFP\2.14.0\Drivers\CMSIS\Device\ST\STM32F4xx\Include

<h2>Collection of Component Files used:</h2>

   * Component: ARM::CMSIS:CORE:5.3.0
Build Time Elapsed:  00:00:04
</pre>
</body>
</html>
